Archive member included to satisfy reference by file (symbol)

/home/vboxuser/st/stm32cubeide_2.1.1/plugins/com.st.stm32cube.ide.mcu.externaltools.gnu-tools-for-stm32.14.3.rel1.linux64_1.0.100.202602081740/tools/bin/../lib/gcc/arm-none-eabi/14.3.1/../../../../arm-none-eabi/lib/thumb/v6-m/nofp/libc_nano.a(libc_a-exit.o)
                              /home/vboxuser/st/stm32cubeide_2.1.1/plugins/com.st.stm32cube.ide.mcu.externaltools.gnu-tools-for-stm32.14.3.rel1.linux64_1.0.100.202602081740/tools/bin/../lib/gcc/arm-none-eabi/14.3.1/../../../../arm-none-eabi/lib/thumb/v6-m/nofp/crt0.o (exit)
/home/vboxuser/st/stm32cubeide_2.1.1/plugins/com.st.stm32cube.ide.mcu.externaltools.gnu-tools-for-stm32.14.3.rel1.linux64_1.0.100.202602081740/tools/bin/../lib/gcc/arm-none-eabi/14.3.1/../../../../arm-none-eabi/lib/thumb/v6-m/nofp/libc_nano.a(libc_a-findfp.o)
                              /home/vboxuser/st/stm32cubeide_2.1.1/plugins/com.st.stm32cube.ide.mcu.externaltools.gnu-tools-for-stm32.14.3.rel1.linux64_1.0.100.202602081740/tools/bin/../lib/gcc/arm-none-eabi/14.3.1/../../../../arm-none-eabi/lib/thumb/v6-m/nofp/libc_nano.a(libc_a-exit.o) (__stdio_exit_handler)
/home/vboxuser/st/stm32cubeide_2.1.1/plugins/com.st.stm32cube.ide.mcu.externaltools.gnu-tools-for-stm32.14.3.rel1.linux64_1.0.100.202602081740/tools/bin/../lib/gcc/arm-none-eabi/14.3.1/../../../../arm-none-eabi/lib/thumb/v6-m/nofp/libc_nano.a(libc_a-fwalk.o)
                              /home/vboxuser/st/stm32cubeide_2.1.1/plugins/com.st.stm32cube.ide.mcu.externaltools.gnu-tools-for-stm32.14.3.rel1.linux64_1.0.100.202602081740/tools/bin/../lib/gcc/arm-none-eabi/14.3.1/../../../../arm-none-eabi/lib/thumb/v6-m/nofp/libc_nano.a(libc_a-findfp.o) (_fwalk_sglue)
/home/vboxuser/st/stm32cubeide_2.1.1/plugins/com.st.stm32cube.ide.mcu.externaltools.gnu-tools-for-stm32.14.3.rel1.linux64_1.0.100.202602081740/tools/bin/../lib/gcc/arm-none-eabi/14.3.1/../../../../arm-none-eabi/lib/thumb/v6-m/nofp/libc_nano.a(libc_a-stdio.o)
                              /home/vboxuser/st/stm32cubeide_2.1.1/plugins/com.st.stm32cube.ide.mcu.externaltools.gnu-tools-for-stm32.14.3.rel1.linux64_1.0.100.202602081740/tools/bin/../lib/gcc/arm-none-eabi/14.3.1/../../../../arm-none-eabi/lib/thumb/v6-m/nofp/libc_nano.a(libc_a-findfp.o) (__sread)
/home/vboxuser/st/stm32cubeide_2.1.1/plugins/com.st.stm32cube.ide.mcu.externaltools.gnu-tools-for-stm32.14.3.rel1.linux64_1.0.100.202602081740/tools/bin/../lib/gcc/arm-none-eabi/14.3.1/../../../../arm-none-eabi/lib/thumb/v6-m/nofp/libc_nano.a(libc_a-memset.o)
                              /home/vboxuser/st/stm32cubeide_2.1.1/plugins/com.st.stm32cube.ide.mcu.externaltools.gnu-tools-for-stm32.14.3.rel1.linux64_1.0.100.202602081740/tools/bin/../lib/gcc/arm-none-eabi/14.3.1/../../../../arm-none-eabi/lib/thumb/v6-m/nofp/crt0.o (memset)
/home/vboxuser/st/stm32cubeide_2.1.1/plugins/com.st.stm32cube.ide.mcu.externaltools.gnu-tools-for-stm32.14.3.rel1.linux64_1.0.100.202602081740/tools/bin/../lib/gcc/arm-none-eabi/14.3.1/../../../../arm-none-eabi/lib/thumb/v6-m/nofp/libc_nano.a(libc_a-closer.o)
                              /home/vboxuser/st/stm32cubeide_2.1.1/plugins/com.st.stm32cube.ide.mcu.externaltools.gnu-tools-for-stm32.14.3.rel1.linux64_1.0.100.202602081740/tools/bin/../lib/gcc/arm-none-eabi/14.3.1/../../../../arm-none-eabi/lib/thumb/v6-m/nofp/libc_nano.a(libc_a-stdio.o) (_close_r)
/home/vboxuser/st/stm32cubeide_2.1.1/plugins/com.st.stm32cube.ide.mcu.externaltools.gnu-tools-for-stm32.14.3.rel1.linux64_1.0.100.202602081740/tools/bin/../lib/gcc/arm-none-eabi/14.3.1/../../../../arm-none-eabi/lib/thumb/v6-m/nofp/libc_nano.a(libc_a-reent.o)
                              /home/vboxuser/st/stm32cubeide_2.1.1/plugins/com.st.stm32cube.ide.mcu.externaltools.gnu-tools-for-stm32.14.3.rel1.linux64_1.0.100.202602081740/tools/bin/../lib/gcc/arm-none-eabi/14.3.1/../../../../arm-none-eabi/lib/thumb/v6-m/nofp/libc_nano.a(libc_a-closer.o) (errno)
/home/vboxuser/st/stm32cubeide_2.1.1/plugins/com.st.stm32cube.ide.mcu.externaltools.gnu-tools-for-stm32.14.3.rel1.linux64_1.0.100.202602081740/tools/bin/../lib/gcc/arm-none-eabi/14.3.1/../../../../arm-none-eabi/lib/thumb/v6-m/nofp/libc_nano.a(libc_a-impure.o)
                              /home/vboxuser/st/stm32cubeide_2.1.1/plugins/com.st.stm32cube.ide.mcu.externaltools.gnu-tools-for-stm32.14.3.rel1.linux64_1.0.100.202602081740/tools/bin/../lib/gcc/arm-none-eabi/14.3.1/../../../../arm-none-eabi/lib/thumb/v6-m/nofp/libc_nano.a(libc_a-reent.o) (_impure_ptr)
/home/vboxuser/st/stm32cubeide_2.1.1/plugins/com.st.stm32cube.ide.mcu.externaltools.gnu-tools-for-stm32.14.3.rel1.linux64_1.0.100.202602081740/tools/bin/../lib/gcc/arm-none-eabi/14.3.1/../../../../arm-none-eabi/lib/thumb/v6-m/nofp/libc_nano.a(libc_a-lseekr.o)
[...]
Memory Configuration

Name             Origin             Length             Attributes
RAM              0x20000000         0x00002000         xrw
FLASH            0x08000000         0x00010000         xr
*default*        0x00000000         0xffffffff

Linker script and memory map

LOAD /home/vboxuser/st/stm32cubeide_2.1.1/plugins/com.st.stm32cube.ide.mcu.externaltools.gnu-tools-for-stm32.14.3.rel1.linux64_1.0.100.202602081740/tools/bin/../lib/gcc/arm-none-eabi/14.3.1/thumb/v6-m/nofp/crti.o
LOAD /home/vboxuser/st/stm32cubeide_2.1.1/plugins/com.st.stm32cube.ide.mcu.externaltools.gnu-tools-for-stm32.14.3.rel1.linux64_1.0.100.202602081740/tools/bin/../lib/gcc/arm-none-eabi/14.3.1/thumb/v6-m/nofp/crtbegin.o
LOAD /home/vboxuser/st/stm32cubeide_2.1.1/plugins/com.st.stm32cube.ide.mcu.externaltools.gnu-tools-for-stm32.14.3.rel1.linux64_1.0.100.202602081740/tools/bin/../lib/gcc/arm-none-eabi/14.3.1/../../../../arm-none-eabi/lib/thumb/v6-m/nofp/crt0.o
LOAD ./Core/Src/callbacks.o
LOAD ./Core/Src/config_wrapper.o
LOAD ./Core/Src/gpio.o
LOAD ./Core/Src/main.o
LOAD ./Core/Src/spi.o
LOAD ./Core/Src/stm32l0xx_hal_msp.o
LOAD ./Core/Src/stm32l0xx_it.o
LOAD ./Core/Src/syscalls.o
LOAD ./Core/Src/sysmem.o
LOAD ./Core/Src/system_stm32l0xx.o
LOAD ./Core/Startup/startup_stm32l051c8tx.o
LOAD ./Drivers/STM32L0xx_HAL_Driver/Src/stm32l0xx_hal.o
LOAD ./Drivers/STM32L0xx_HAL_Driver/Src/stm32l0xx_hal_cortex.o
LOAD ./Drivers/STM32L0xx_HAL_Driver/Src/stm32l0xx_hal_dma.o
LOAD ./Drivers/STM32L0xx_HAL_Driver/Src/stm32l0xx_hal_exti.o
LOAD ./Drivers/STM32L0xx_HAL_Driver/Src/stm32l0xx_hal_flash.o
LOAD ./Drivers/STM32L0xx_HAL_Driver/Src/stm32l0xx_hal_flash_ex.o
LOAD ./Drivers/STM32L0xx_HAL_Driver/Src/stm32l0xx_hal_flash_ramfunc.o
LOAD ./Drivers/STM32L0xx_HAL_Driver/Src/stm32l0xx_hal_gpio.o
LOAD ./Drivers/STM32L0xx_HAL_Driver/Src/stm32l0xx_hal_i2c.o
LOAD ./Drivers/STM32L0xx_HAL_Driver/Src/stm32l0xx_hal_i2c_ex.o
LOAD ./Drivers/STM32L0xx_HAL_Driver/Src/stm32l0xx_hal_pwr.o
LOAD ./Drivers/STM32L0xx_HAL_Driver/Src/stm32l0xx_hal_pwr_ex.o
LOAD ./Drivers/STM32L0xx_HAL_Driver/Src/stm32l0xx_hal_rcc.o
LOAD ./Drivers/STM32L0xx_HAL_Driver/Src/stm32l0xx_hal_rcc_ex.o
LOAD ./Drivers/STM32L0xx_HAL_Driver/Src/stm32l0xx_hal_spi.o
START GROUP
LOAD /home/vboxuser/st/stm32cubeide_2.1.1/plugins/com.st.stm32cube.ide.mcu.externaltools.gnu-tools-for-stm32.14.3.rel1.linux64_1.0.100.202602081740/tools/bin/../lib/gcc/arm-none-eabi/14.3.1/../../../../arm-none-eabi/lib/thumb/v6-m/nofp/libstdc++_nano.a
LOAD /home/vboxuser/st/stm32cubeide_2.1.1/plugins/com.st.stm32cube.ide.mcu.externaltools.gnu-tools-for-stm32.14.3.rel1.linux64_1.0.100.202602081740/tools/bin/../lib/gcc/arm-none-eabi/14.3.1/../../../../arm-none-eabi/lib/thumb/v6-m/nofp/libsupc++_nano.a
END GROUP
LOAD /home/vboxuser/st/stm32cubeide_2.1.1/plugins/com.st.stm32cube.ide.mcu.externaltools.gnu-tools-for-stm32.14.3.rel1.linux64_1.0.100.202602081740/tools/bin/../lib/gcc/arm-none-eabi/14.3.1/../../../../arm-none-eabi/lib/thumb/v6-m/nofp/libstdc++_nano.a
LOAD /home/vboxuser/st/stm32cubeide_2.1.1/plugins/com.st.stm32cube.ide.mcu.externaltools.gnu-tools-for-stm32.14.3.rel1.linux64_1.0.100.202602081740/tools/bin/../lib/gcc/arm-none-eabi/14.3.1/../../../../arm-none-eabi/lib/thumb/v6-m/nofp/libm.a
LOAD /home/vboxuser/st/stm32cubeide_2.1.1/plugins/com.st.stm32cube.ide.mcu.externaltools.gnu-tools-for-stm32.14.3.rel1.linux64_1.0.100.202602081740/tools/bin/../lib/gcc/arm-none-eabi/14.3.1/../../../../arm-none-eabi/lib/thumb/v6-m/nofp/libc_nano.a
START GROUP
LOAD /home/vboxuser/st/stm32cubeide_2.1.1/plugins/com.st.stm32cube.ide.mcu.externaltools.gnu-tools-for-stm32.14.3.rel1.linux64_1.0.100.202602081740/tools/bin/../lib/gcc/arm-none-eabi/14.3.1/thumb/v6-m/nofp/libgcc.a
LOAD /home/vboxuser/st/stm32cubeide_2.1.1/plugins/com.st.stm32cube.ide.mcu.externaltools.gnu-tools-for-stm32.14.3.rel1.linux64_1.0.100.202602081740/tools/bin/../lib/gcc/arm-none-eabi/14.3.1/../../../../arm-none-eabi/lib/thumb/v6-m/nofp/libc_nano.a
END GROUP
START GROUP
LOAD /home/vboxuser/st/stm32cubeide_2.1.1/plugins/com.st.stm32cube.ide.mcu.externaltools.gnu-tools-for-stm32.14.3.rel1.linux64_1.0.100.202602081740/tools/bin/../lib/gcc/arm-none-eabi/14.3.1/thumb/v6-m/nofp/libgcc.a
LOAD /home/vboxuser/st/stm32cubeide_2.1.1/plugins/com.st.stm32cube.ide.mcu.externaltools.gnu-tools-for-stm32.14.3.rel1.linux64_1.0.100.202602081740/tools/bin/../lib/gcc/arm-none-eabi/14.3.1/../../../../arm-none-eabi/lib/thumb/v6-m/nofp/libc_nano.a
END GROUP
LOAD /home/vboxuser/st/stm32cubeide_2.1.1/plugins/com.st.stm32cube.ide.mcu.externaltools.gnu-tools-for-stm32.14.3.rel1.linux64_1.0.100.202602081740/tools/bin/../lib/gcc/arm-none-eabi/14.3.1/thumb/v6-m/nofp/crtend.o
LOAD /home/vboxuser/st/stm32cubeide_2.1.1/plugins/com.st.stm32cube.ide.mcu.externaltools.gnu-tools-for-stm32.14.3.rel1.linux64_1.0.100.202602081740/tools/bin/../lib/gcc/arm-none-eabi/14.3.1/thumb/v6-m/nofp/crtn.o
                0x20002000                        _estack = (ORIGIN (RAM) + LENGTH (RAM))
                0x00000200                        _Min_Heap_Size = 0x200
                0x00000400                        _Min_Stack_Size = 0x400

.isr_vector     0x08000000       0xc0
                0x08000000                        . = ALIGN (0x4)
 *(.isr_vector)
 .isr_vector    0x08000000       0xc0 ./Core/Startup/startup_stm32l051c8tx.o
                0x08000000                g_pfnVectors
                0x080000c0                        . = ALIGN (0x4)

.text           0x080000c0     0x2298
                0x080000c0                        . = ALIGN (0x4)
 *(.text)
 .text          0x080000c0       0x48 /home/vboxuser/st/stm32cubeide_2.1.1/plugins/com.st.stm32cube.ide.mcu.externaltools.gnu-tools-for-stm32.14.3.rel1.linux64_1.0.100.202602081740/tools/bin/../lib/gcc/arm-none-eabi/14.3.1/thumb/v6-m/nofp/crtbegin.o
 .text          0x08000108      0x114 /home/vboxuser/st/stm32cubeide_2.1.1/plugins/com.st.stm32cube.ide.mcu.externaltools.gnu-tools-for-stm32.14.3.rel1.linux64_1.0.100.202602081740/tools/bin/../lib/gcc/arm-none-eabi/14.3.1/thumb/v6-m/nofp/libgcc.a(_udivsi3.o)
                0x08000108                __udivsi3
                0x08000108                __aeabi_uidiv
                0x08000214                __aeabi_uidivmod
 .text          0x0800021c        0x4 /home/vboxuser/st/stm32cubeide_2.1.1/plugins/com.st.stm32cube.ide.mcu.externaltools.gnu-tools-for-stm32.14.3.rel1.linux64_1.0.100.202602081740/tools/bin/../lib/gcc/arm-none-eabi/14.3.1/thumb/v6-m/nofp/libgcc.a(_dvmd_tls.o)
                0x0800021c                __aeabi_ldiv0
                0x0800021c                __aeabi_idiv0
 *(.text*)
 .text._ZN13ConfigWrapper11GetInstanceEv
                0x08000220       0x10 ./Core/Src/config_wrapper.o
                0x08000220                ConfigWrapper::GetInstance()
 .text._ZN13ConfigWrapper4initEP19__SPI_HandleTypeDef
                0x08000230       0x18 ./Core/Src/config_wrapper.o
                0x08000230                ConfigWrapper::init(__SPI_HandleTypeDef*)
 .text._ZN13ConfigWrapper5csLowEv
                0x08000248       0x24 ./Core/Src/config_wrapper.o
                0x08000248                ConfigWrapper::csLow()
 .text._ZN13ConfigWrapper6csHighEv
                0x0800026c       0x24 ./Core/Src/config_wrapper.o
                0x0800026c                ConfigWrapper::csHigh()
 .text._ZN13ConfigWrapper8resetLowEv
                0x08000290       0x20 ./Core/Src/config_wrapper.o
                0x08000290                ConfigWrapper::resetLow()
 .text._ZN13ConfigWrapper9resetHighEv
                0x080002b0       0x20 ./Core/Src/config_wrapper.o
                0x080002b0                ConfigWrapper::resetHigh()
 .text._ZN13ConfigWrapper7delayMsEm
                0x080002d0       0x1a ./Core/Src/config_wrapper.o
                0x080002d0                ConfigWrapper::delayMs(unsigned long)
 .text._ZN13ConfigWrapper12readRegisterEh
                0x080002ea       0x58 ./Core/Src/config_wrapper.o
                0x080002ea                ConfigWrapper::readRegister(unsigned char)
 .text._ZN13ConfigWrapper13writeRegisterEhh
                0x08000342       0x54 ./Core/Src/config_wrapper.o
                0x08000342                ConfigWrapper::writeRegister(unsigned char, unsigned char)
 .text._ZN13ConfigWrapper11spiTransferEh
                0x08000396       0x30 ./Core/Src/config_wrapper.o
                0x08000396                ConfigWrapper::spiTransfer(unsigned char)
 .text._Z11init_SX127xR13ConfigWrapper
                0x080003c6       0x54 ./Core/Src/config_wrapper.o
                0x080003c6                init_SX127x(ConfigWrapper&)
 .text._Z15sendPacketAM312R13ConfigWrapperPKhh
                0x0800041a       0xce ./Core/Src/config_wrapper.o
                0x0800041a                sendPacketAM312(ConfigWrapper&, unsigned char const*, unsigned char)
 .text._Z13configureLoRaR13ConfigWrapper
                0x080004e8       0xc4 ./Core/Src/config_wrapper.o
                0x080004e8                configureLoRa(ConfigWrapper&)
 .text.MX_GPIO_Init
                0x080005ac       0xf4 ./Core/Src/gpio.o
                0x080005ac                MX_GPIO_Init
 .text.main     0x080006a0      0x110 ./Core/Src/main.o
                0x080006a0                main
 .text._Z13enterStopModev
                0x080007b0       0x30 ./Core/Src/main.o
                0x080007b0                enterStopMode()
 .text.HAL_GPIO_EXTI_Callback
                0x080007e0       0x28 ./Core/Src/main.o
                0x080007e0                HAL_GPIO_EXTI_Callback
 .text._Z18SystemClock_Configv
                0x08000808       0xb8 ./Core/Src/main.o
                0x08000808                SystemClock_Config()
 .text.Error_Handler
                0x080008c0        0xc ./Core/Src/main.o
                0x080008c0                Error_Handler
 .text.MX_SPI2_Init
                0x080008cc       0x78 ./Core/Src/spi.o
                0x080008cc                MX_SPI2_Init
 .text.HAL_SPI_MspInit
                0x08000944       0x8c ./Core/Src/spi.o
                0x08000944                HAL_SPI_MspInit
 .text.HAL_MspInit
                0x080009d0       0x28 ./Core/Src/stm32l0xx_hal_msp.o
                0x080009d0                HAL_MspInit
 .text.NMI_Handler
                0x080009f8        0x8 ./Core/Src/stm32l0xx_it.o
                0x080009f8                NMI_Handler
 .text.HardFault_Handler
                0x08000a00        0x8 ./Core/Src/stm32l0xx_it.o
                0x08000a00                HardFault_Handler
 .text.SVC_Handler
                0x08000a08        0xa ./Core/Src/stm32l0xx_it.o
                0x08000a08                SVC_Handler
 .text.PendSV_Handler
                0x08000a12        0xa ./Core/Src/stm32l0xx_it.o
                0x08000a12                PendSV_Handler
 .text.SysTick_Handler
                0x08000a1c        0xe ./Core/Src/stm32l0xx_it.o
                0x08000a1c                SysTick_Handler
 .text.EXTI0_1_IRQHandler
                0x08000a2a       0x10 ./Core/Src/stm32l0xx_it.o
                0x08000a2a                EXTI0_1_IRQHandler
 .text.SystemInit
                0x08000a3a        0xa ./Core/Src/system_stm32l0xx.o
                0x08000a3a                SystemInit
 .text.Reset_Handler
                0x08000a44       0x50 ./Core/Startup/startup_stm32l051c8tx.o
                0x08000a44                Reset_Handler
 .text.Default_Handler
                0x08000a94        0x2 ./Core/Startup/startup_stm32l051c8tx.o
                0x08000a94                ADC1_COMP_IRQHandler
                0x08000a94                TIM6_IRQHandler
                0x08000a94                PVD_IRQHandler
                0x08000a94                I2C1_IRQHandler
                0x08000a94                SPI1_IRQHandler
                0x08000a94                EXTI2_3_IRQHandler
                0x08000a94                I2C2_IRQHandler
                0x08000a94                RTC_IRQHandler
                0x08000a94                DMA1_Channel4_5_6_7_IRQHandler
                0x08000a94                EXTI4_15_IRQHandler
                0x08000a94                RCC_IRQHandler
                0x08000a94                DMA1_Channel1_IRQHandler
                0x08000a94                Default_Handler
                0x08000a94                TIM22_IRQHandler
                0x08000a94                SPI2_IRQHandler
                0x08000a94                TIM21_IRQHandler
                0x08000a94                WWDG_IRQHandler
                0x08000a94                LPUART1_IRQHandler
                0x08000a94                TIM2_IRQHandler
                0x08000a94                DMA1_Channel2_3_IRQHandler
                0x08000a94                USART2_IRQHandler
                0x08000a94                FLASH_IRQHandler
                0x08000a94                USART1_IRQHandler
                0x08000a94                LPTIM1_IRQHandler
 *fill*         0x08000a96        0x2 
 .text.HAL_Init
                0x08000a98       0x40 ./Drivers/STM32L0xx_HAL_Driver/Src/stm32l0xx_hal.o
                0x08000a98                HAL_Init
 .text.HAL_InitTick
                0x08000ad8       0x68 ./Drivers/STM32L0xx_HAL_Driver/Src/stm32l0xx_hal.o
                0x08000ad8                HAL_InitTick
 .text.HAL_IncTick
                0x08000b40       0x24 ./Drivers/STM32L0xx_HAL_Driver/Src/stm32l0xx_hal.o
                0x08000b40                HAL_IncTick
 .text.HAL_GetTick
                0x08000b64       0x14 ./Drivers/STM32L0xx_HAL_Driver/Src/stm32l0xx_hal.o
                0x08000b64                HAL_GetTick
 .text.HAL_Delay
                0x08000b78       0x48 ./Drivers/STM32L0xx_HAL_Driver/Src/stm32l0xx_hal.o
                0x08000b78                HAL_Delay
 .text.HAL_SuspendTick
                0x08000bc0       0x1c ./Drivers/STM32L0xx_HAL_Driver/Src/stm32l0xx_hal.o
                0x08000bc0                HAL_SuspendTick
 .text.HAL_ResumeTick
                0x08000bdc       0x1c ./Drivers/STM32L0xx_HAL_Driver/Src/stm32l0xx_hal.o
                0x08000bdc                HAL_ResumeTick
 .text.__NVIC_EnableIRQ
                0x08000bf8       0x34 ./Drivers/STM32L0xx_HAL_Driver/Src/stm32l0xx_hal_cortex.o
 .text.__NVIC_SetPriority
                0x08000c2c       0xdc ./Drivers/STM32L0xx_HAL_Driver/Src/stm32l0xx_hal_cortex.o
 .text.SysTick_Config
                0x08000d08       0x48 ./Drivers/STM32L0xx_HAL_Driver/Src/stm32l0xx_hal_cortex.o
 .text.HAL_NVIC_SetPriority
                0x08000d50       0x2a ./Drivers/STM32L0xx_HAL_Driver/Src/stm32l0xx_hal_cortex.o
                0x08000d50                HAL_NVIC_SetPriority
 .text.HAL_NVIC_EnableIRQ
                0x08000d7a       0x20 ./Drivers/STM32L0xx_HAL_Driver/Src/stm32l0xx_hal_cortex.o
                0x08000d7a                HAL_NVIC_EnableIRQ
 .text.HAL_SYSTICK_Config
                0x08000d9a       0x1a ./Drivers/STM32L0xx_HAL_Driver/Src/stm32l0xx_hal_cortex.o
                0x08000d9a                HAL_SYSTICK_Config
 .text.HAL_GPIO_Init
                0x08000db4      0x2ec ./Drivers/STM32L0xx_HAL_Driver/Src/stm32l0xx_hal_gpio.o
                0x08000db4                HAL_GPIO_Init
 .text.HAL_GPIO_WritePin
                0x080010a0       0x3a ./Drivers/STM32L0xx_HAL_Driver/Src/stm32l0xx_hal_gpio.o
                0x080010a0                HAL_GPIO_WritePin
 .text.HAL_GPIO_TogglePin
                0x080010da       0x36 ./Drivers/STM32L0xx_HAL_Driver/Src/stm32l0xx_hal_gpio.o
                0x080010da                HAL_GPIO_TogglePin
 .text.HAL_GPIO_EXTI_IRQHandler
                0x08001110       0x38 ./Drivers/STM32L0xx_HAL_Driver/Src/stm32l0xx_hal_gpio.o
                0x08001110                HAL_GPIO_EXTI_IRQHandler
 .text.HAL_PWR_EnterSTOPMode
                0x08001148       0xb8 ./Drivers/STM32L0xx_HAL_Driver/Src/stm32l0xx_hal_pwr.o
                0x08001148                HAL_PWR_EnterSTOPMode
 .text.HAL_RCC_OscConfig
                0x08001200      0x6d4 ./Drivers/STM32L0xx_HAL_Driver/Src/stm32l0xx_hal_rcc.o
                0x08001200                HAL_RCC_OscConfig
 .text.HAL_RCC_ClockConfig
                0x080018d4      0x290 ./Drivers/STM32L0xx_HAL_Driver/Src/stm32l0xx_hal_rcc.o
                0x080018d4                HAL_RCC_ClockConfig
 .text.HAL_RCC_GetSysClockFreq
                0x08001b64      0x10c ./Drivers/STM32L0xx_HAL_Driver/Src/stm32l0xx_hal_rcc.o
                0x08001b64                HAL_RCC_GetSysClockFreq
 .text.HAL_SPI_Init
                0x08001c70      0x128 ./Drivers/STM32L0xx_HAL_Driver/Src/stm32l0xx_hal_spi.o
                0x08001c70                HAL_SPI_Init
 .text.HAL_SPI_TransmitReceive
                0x08001d98      0x37e ./Drivers/STM32L0xx_HAL_Driver/Src/stm32l0xx_hal_spi.o
                0x08001d98                HAL_SPI_TransmitReceive
 *fill*         0x08002116        0x2 
 .text.SPI_WaitFlagStateUntilTimeout
                0x08002118      0x11c ./Drivers/STM32L0xx_HAL_Driver/Src/stm32l0xx_hal_spi.o
 .text.SPI_EndRxTxTransaction
                0x08002234       0xb4 ./Drivers/STM32L0xx_HAL_Driver/Src/stm32l0xx_hal_spi.o
 .text.memset   0x080022e8       0x10 /home/vboxuser/st/stm32cubeide_2.1.1/plugins/com.st.stm32cube.ide.mcu.externaltools.gnu-tools-for-stm32.14.3.rel1.linux64_1.0.100.202602081740/tools/bin/../lib/gcc/arm-none-eabi/14.3.1/../../../../arm-none-eabi/lib/thumb/v6-m/nofp/libc_nano.a(libc_a-memset.o)
                0x080022e8                memset
 .text.__libc_init_array
                0x080022f8       0x48 /home/vboxuser/st/stm32cubeide_2.1.1/plugins/com.st.stm32cube.ide.mcu.externaltools.gnu-tools-for-stm32.14.3.rel1.linux64_1.0.100.202602081740/tools/bin/../lib/gcc/arm-none-eabi/14.3.1/../../../../arm-none-eabi/lib/thumb/v6-m/nofp/libc_nano.a(libc_a-init.o)
                0x080022f8                __libc_init_array
 *(.glue_7)
 .glue_7        0x08002340        0x0 linker stubs
 *(.glue_7t)
 .glue_7t       0x08002340        0x0 linker stubs
 *(.eh_frame)
 .eh_frame      0x08002340        0x0 /home/vboxuser/st/stm32cubeide_2.1.1/plugins/com.st.stm32cube.ide.mcu.externaltools.gnu-tools-for-stm32.14.3.rel1.linux64_1.0.100.202602081740/tools/bin/../lib/gcc/arm-none-eabi/14.3.1/thumb/v6-m/nofp/crtbegin.o
 *(.init)
 .init          0x08002340        0x4 /home/vboxuser/st/stm32cubeide_2.1.1/plugins/com.st.stm32cube.ide.mcu.externaltools.gnu-tools-for-stm32.14.3.rel1.linux64_1.0.100.202602081740/tools/bin/../lib/gcc/arm-none-eabi/14.3.1/thumb/v6-m/nofp/crti.o
                0x08002340                _init
 .init          0x08002344        0x8 /home/vboxuser/st/stm32cubeide_2.1.1/plugins/com.st.stm32cube.ide.mcu.externaltools.gnu-tools-for-stm32.14.3.rel1.linux64_1.0.100.202602081740/tools/bin/../lib/gcc/arm-none-eabi/14.3.1/thumb/v6-m/nofp/crtn.o
 *(.fini)
 .fini          0x0800234c        0x4 /home/vboxuser/st/stm32cubeide_2.1.1/plugins/com.st.stm32cube.ide.mcu.externaltools.gnu-tools-for-stm32.14.3.rel1.linux64_1.0.100.202602081740/tools/bin/../lib/gcc/arm-none-eabi/14.3.1/thumb/v6-m/nofp/crti.o
                0x0800234c                _fini
 .fini          0x08002350        0x8 /home/vboxuser/st/stm32cubeide_2.1.1/plugins/com.st.stm32cube.ide.mcu.externaltools.gnu-tools-for-stm32.14.3.rel1.linux64_1.0.100.202602081740/tools/bin/../lib/gcc/arm-none-eabi/14.3.1/thumb/v6-m/nofp/crtn.o
                0x08002358                        . = ALIGN (0x4)
                0x08002358                        _etext = .

.vfp11_veneer   0x08002358        0x0
 .vfp11_veneer  0x08002358        0x0 linker stubs

.v4_bx          0x08002358        0x0
 .v4_bx         0x08002358        0x0 linker stubs

.iplt           0x08002358        0x0
 .iplt          0x08002358        0x0 /home/vboxuser/st/stm32cubeide_2.1.1/plugins/com.st.stm32cube.ide.mcu.externaltools.gnu-tools-for-stm32.14.3.rel1.linux64_1.0.100.202602081740/tools/bin/../lib/gcc/arm-none-eabi/14.3.1/thumb/v6-m/nofp/crtbegin.o

.rodata         0x08002358       0x1c
                0x08002358                        . = ALIGN (0x4)
 *(.rodata)
 *(.rodata*)
 .rodata.AHBPrescTable
                0x08002358       0x10 ./Core/Src/system_stm32l0xx.o
                0x08002358                AHBPrescTable
 .rodata.PLLMulTable
                0x08002368        0x9 ./Core/Src/system_stm32l0xx.o
                0x08002368                PLLMulTable
                0x08002374                        . = ALIGN (0x4)
 *fill*         0x08002371        0x3 

.ARM.extab      0x08002374        0x0
                0x08002374                        . = ALIGN (0x4)
 *(.ARM.extab* .gnu.linkonce.armextab.*)
                0x08002374                        . = ALIGN (0x4)

.ARM            0x08002374        0x0
                0x08002374                        . = ALIGN (0x4)
                0x08002374                        __exidx_start = .
 *(.ARM.exidx*)
                0x08002374                        __exidx_end = .
                0x08002374                        . = ALIGN (0x4)

.preinit_array  0x08002374        0x0
                0x08002374                        . = ALIGN (0x4)
                0x08002374                        PROVIDE (__preinit_array_start = .)
 *(.preinit_array*)
                0x08002374                        PROVIDE (__preinit_array_end = .)
                0x08002374                        . = ALIGN (0x4)

.init_array     0x08002374        0x4
                0x08002374                        . = ALIGN (0x4)
                0x08002374                        PROVIDE (__init_array_start = .)
 *(SORT_BY_NAME(.init_array.*))
 *(.init_array*)
 .init_array    0x08002374        0x4 /home/vboxuser/st/stm32cubeide_2.1.1/plugins/com.st.stm32cube.ide.mcu.externaltools.gnu-tools-for-stm32.14.3.rel1.linux64_1.0.100.202602081740/tools/bin/../lib/gcc/arm-none-eabi/14.3.1/thumb/v6-m/nofp/crtbegin.o
                0x08002378                        PROVIDE (__init_array_end = .)
                0x08002378                        . = ALIGN (0x4)

.fini_array     0x08002378        0x4
                0x08002378                        . = ALIGN (0x4)
                [!provide]                        PROVIDE (__fini_array_start = .)
 *(SORT_BY_NAME(.fini_array.*))
 *(.fini_array*)
 .fini_array    0x08002378        0x4 /home/vboxuser/st/stm32cubeide_2.1.1/plugins/com.st.stm32cube.ide.mcu.externaltools.gnu-tools-for-stm32.14.3.rel1.linux64_1.0.100.202602081740/tools/bin/../lib/gcc/arm-none-eabi/14.3.1/thumb/v6-m/nofp/crtbegin.o
                [!provide]                        PROVIDE (__fini_array_end = .)
                0x0800237c                        . = ALIGN (0x4)
                0x0800237c                        _sidata = LOADADDR (.data)

.rel.dyn        0x0800237c        0x0
 .rel.iplt      0x0800237c        0x0 /home/vboxuser/st/stm32cubeide_2.1.1/plugins/com.st.stm32cube.ide.mcu.externaltools.gnu-tools-for-stm32.14.3.rel1.linux64_1.0.100.202602081740/tools/bin/../lib/gcc/arm-none-eabi/14.3.1/thumb/v6-m/nofp/crtbegin.o

.data           0x20000000       0x14 load address 0x0800237c
                0x20000000                        . = ALIGN (0x4)
                0x20000000                        _sdata = .
 *(.data)
 *(.data*)
 .data.chupi    0x20000000        0x8 ./Core/Src/main.o
                0x20000000                chupi
 .data.SystemCoreClock
                0x20000008        0x4 ./Core/Src/system_stm32l0xx.o
                0x20000008                SystemCoreClock
 .data.uwTickPrio
                0x2000000c        0x4 ./Drivers/STM32L0xx_HAL_Driver/Src/stm32l0xx_hal.o
                0x2000000c                uwTickPrio
 .data.uwTickFreq
                0x20000010        0x1 ./Drivers/STM32L0xx_HAL_Driver/Src/stm32l0xx_hal.o
                0x20000010                uwTickFreq
 *(.RamFunc)
 *(.RamFunc*)
                0x20000014                        . = ALIGN (0x4)
 *fill*         0x20000011        0x3 
                0x20000014                        _edata = .

.igot.plt       0x20000014        0x0 load address 0x08002390
 .igot.plt      0x20000014        0x0 /home/vboxuser/st/stm32cubeide_2.1.1/plugins/com.st.stm32cube.ide.mcu.externaltools.gnu-tools-for-stm32.14.3.rel1.linux64_1.0.100.202602081740/tools/bin/../lib/gcc/arm-none-eabi/14.3.1/thumb/v6-m/nofp/crtbegin.o
                0x20000014                        . = ALIGN (0x4)

.bss            0x20000014       0x80 load address 0x08002390
                0x20000014                        _sbss = .
                0x20000014                        __bss_start__ = _sbss
 *(.bss)
 .bss           0x20000014       0x1c /home/vboxuser/st/stm32cubeide_2.1.1/plugins/com.st.stm32cube.ide.mcu.externaltools.gnu-tools-for-stm32.14.3.rel1.linux64_1.0.100.202602081740/tools/bin/../lib/gcc/arm-none-eabi/14.3.1/thumb/v6-m/nofp/crtbegin.o
 *(.bss*)
 .bss._ZZN13ConfigWrapper11GetInstanceEvE24config_wrapper_singleton
                0x20000030        0x4 ./Core/Src/config_wrapper.o
 .bss.pirDetected
                0x20000034        0x1 ./Core/Src/main.o
                0x20000034                pirDetected
 .bss.lowPowerMode
                0x20000035        0x1 ./Core/Src/main.o
                0x20000035                lowPowerMode
 *fill*         0x20000036        0x2 
 .bss.hspi2     0x20000038       0x58 ./Core/Src/spi.o
                0x20000038                hspi2
 .bss.uwTick    0x20000090        0x4 ./Drivers/STM32L0xx_HAL_Driver/Src/stm32l0xx_hal.o
                0x20000090                uwTick
 *(COMMON)
                0x20000094                        . = ALIGN (0x4)
                0x20000094                        _ebss = .
                0x20000094                        __bss_end__ = _ebss

._user_heap_stack
                0x20000094      0x604 load address 0x08002390
                0x20000098                        . = ALIGN (0x8)
 *fill*         0x20000094        0x4 
                [!provide]                        PROVIDE (end = .)
                0x20000098                        PROVIDE (_end = .)
                0x20000298                        . = (. + _Min_Heap_Size)
 *fill*         0x20000098      0x200 
                0x20000698                        . = (. + _Min_Stack_Size)
 *fill*         0x20000298      0x400 
                0x20000698                        . = ALIGN (0x8)

/DISCARD/
 libc.a(*)
 libm.a(*)
 libgcc.a(*)

.ARM.attributes
                0x00000000       0x28
 *(.ARM.attributes)
 .ARM.attributes
                0x00000000       0x1e /home/vboxuser/st/stm32cubeide_2.1.1/plugins/com.st.stm32cube.ide.mcu.externaltools.gnu-tools-for-stm32.14.3.rel1.linux64_1.0.100.202602081740/tools/bin/../lib/gcc/arm-none-eabi/14.3.1/thumb/v6-m/nofp/crti.o
 .ARM.attributes
                0x0000001e       0x2c /home/vboxuser/st/stm32cubeide_2.1.1/plugins/com.st.stm32cube.ide.mcu.externaltools.gnu-tools-for-stm32.14.3.rel1.linux64_1.0.100.202602081740/tools/bin/../lib/gcc/arm-none-eabi/14.3.1/thumb/v6-m/nofp/crtbegin.o
 .ARM.attributes
                0x0000004a       0x2c ./Core/Src/config_wrapper.o
 .ARM.attributes
                0x00000076       0x2c ./Core/Src/gpio.o
 .ARM.attributes
                0x000000a2       0x2c ./Core/Src/main.o
 .ARM.attributes
                0x000000ce       0x2c ./Core/Src/spi.o
 .ARM.attributes
                0x000000fa       0x2c ./Core/Src/stm32l0xx_hal_msp.o
 .ARM.attributes
                0x00000126       0x2c ./Core/Src/stm32l0xx_it.o
 .ARM.attributes
                0x00000152       0x2c ./Core/Src/system_stm32l0xx.o
 .ARM.attributes
                0x0000017e       0x22 ./Core/Startup/startup_stm32l051c8tx.o
 .ARM.attributes
                0x000001a0       0x2c ./Drivers/STM32L0xx_HAL_Driver/Src/stm32l0xx_hal.o
 .ARM.attributes
                0x000001cc       0x2c ./Drivers/STM32L0xx_HAL_Driver/Src/stm32l0xx_hal_cortex.o
 .ARM.attributes
                0x000001f8       0x2c ./Drivers/STM32L0xx_HAL_Driver/Src/stm32l0xx_hal_gpio.o
 .ARM.attributes
                0x00000224       0x2c ./Drivers/STM32L0xx_HAL_Driver/Src/stm32l0xx_hal_pwr.o
 .ARM.attributes
                0x00000250       0x2c ./Drivers/STM32L0xx_HAL_Driver/Src/stm32l0xx_hal_rcc.o
 .ARM.attributes
                0x0000027c       0x2c ./Drivers/STM32L0xx_HAL_Driver/Src/stm32l0xx_hal_spi.o
 .ARM.attributes
                0x000002a8       0x2c /home/vboxuser/st/stm32cubeide_2.1.1/plugins/com.st.stm32cube.ide.mcu.externaltools.gnu-tools-for-stm32.14.3.rel1.linux64_1.0.100.202602081740/tools/bin/../lib/gcc/arm-none-eabi/14.3.1/../../../../arm-none-eabi/lib/thumb/v6-m/nofp/libc_nano.a(libc_a-memset.o)
 .ARM.attributes
                0x000002d4       0x2c /home/vboxuser/st/stm32cubeide_2.1.1/plugins/com.st.stm32cube.ide.mcu.externaltools.gnu-tools-for-stm32.14.3.rel1.linux64_1.0.100.202602081740/tools/bin/../lib/gcc/arm-none-eabi/14.3.1/../../../../arm-none-eabi/lib/thumb/v6-m/nofp/libc_nano.a(libc_a-init.o)
 .ARM.attributes
                0x00000300       0x1e /home/vboxuser/st/stm32cubeide_2.1.1/plugins/com.st.stm32cube.ide.mcu.externaltools.gnu-tools-for-stm32.14.3.rel1.linux64_1.0.100.202602081740/tools/bin/../lib/gcc/arm-none-eabi/14.3.1/thumb/v6-m/nofp/libgcc.a(_udivsi3.o)
 .ARM.attributes
                0x0000031e       0x1e /home/vboxuser/st/stm32cubeide_2.1.1/plugins/com.st.stm32cube.ide.mcu.externaltools.gnu-tools-for-stm32.14.3.rel1.linux64_1.0.100.202602081740/tools/bin/../lib/gcc/arm-none-eabi/14.3.1/thumb/v6-m/nofp/libgcc.a(_dvmd_tls.o)
 .ARM.attributes
                0x0000033c       0x1e /home/vboxuser/st/stm32cubeide_2.1.1/plugins/com.st.stm32cube.ide.mcu.externaltools.gnu-tools-for-stm32.14.3.rel1.linux64_1.0.100.202602081740/tools/bin/../lib/gcc/arm-none-eabi/14.3.1/thumb/v6-m/nofp/crtn.o
OUTPUT(STM32L051C8Tx_slave.elf elf32-littlearm)
LOAD linker stubs
LOAD /home/vboxuser/st/stm32cubeide_2.1.1/plugins/com.st.stm32cube.ide.mcu.externaltools.gnu-tools-for-stm32.14.3.rel1.linux64_1.0.100.202602081740/tools/bin/../lib/gcc/arm-none-eabi/14.3.1/../../../../arm-none-eabi/lib/thumb/v6-m/nofp/libc.a
LOAD /home/vboxuser/st/stm32cubeide_2.1.1/plugins/com.st.stm32cube.ide.mcu.externaltools.gnu-tools-for-stm32.14.3.rel1.linux64_1.0.100.202602081740/tools/bin/../lib/gcc/arm-none-eabi/14.3.1/../../../../arm-none-eabi/lib/thumb/v6-m/nofp/libm.a
LOAD /home/vboxuser/st/stm32cubeide_2.1.1/plugins/com.st.stm32cube.ide.mcu.externaltools.gnu-tools-for-stm32.14.3.rel1.linux64_1.0.100.202602081740/tools/bin/../lib/gcc/arm-none-eabi/14.3.1/thumb/v6-m/nofp/libgcc.a

.debug_info     0x00000000     0x89a1
 .debug_info    0x00000000     0x1d7e ./Core/Src/config_wrapper.o
 .debug_info    0x00001d7e      0x46a ./Core/Src/gpio.o
 .debug_info    0x000021e8     0x1d5b ./Core/Src/main.o
 .debug_info    0x00003f43      0x96e ./Core/Src/spi.o
 .debug_info    0x000048b1      0x1ba ./Core/Src/stm32l0xx_hal_msp.o
 .debug_info    0x00004a6b      0x10c ./Core/Src/stm32l0xx_it.o
 .debug_info    0x00004b77      0x2d0 ./Core/Src/system_stm32l0xx.o
 .debug_info    0x00004e47       0x30 ./Core/Startup/startup_stm32l051c8tx.o
 .debug_info    0x00004e77      0x830 ./Drivers/STM32L0xx_HAL_Driver/Src/stm32l0xx_hal.o
 .debug_info    0x000056a7      0x878 ./Drivers/STM32L0xx_HAL_Driver/Src/stm32l0xx_hal_cortex.o
 .debug_info    0x00005f1f      0x624 ./Drivers/STM32L0xx_HAL_Driver/Src/stm32l0xx_hal_gpio.o
 .debug_info    0x00006543      0x5fe ./Drivers/STM32L0xx_HAL_Driver/Src/stm32l0xx_hal_pwr.o
 .debug_info    0x00006b41      0x96c ./Drivers/STM32L0xx_HAL_Driver/Src/stm32l0xx_hal_rcc.o
 .debug_info    0x000074ad     0x14f4 ./Drivers/STM32L0xx_HAL_Driver/Src/stm32l0xx_hal_spi.o

.debug_abbrev   0x00000000     0x1dcb
 .debug_abbrev  0x00000000      0x509 ./Core/Src/config_wrapper.o
 .debug_abbrev  0x00000509      0x172 ./Core/Src/gpio.o
 .debug_abbrev  0x0000067b      0x54c ./Core/Src/main.o
 .debug_abbrev  0x00000bc7      0x1ef ./Core/Src/spi.o
 .debug_abbrev  0x00000db6       0x9f ./Core/Src/stm32l0xx_hal_msp.o
 .debug_abbrev  0x00000e55       0x98 ./Core/Src/stm32l0xx_it.o
 .debug_abbrev  0x00000eed      0x11c ./Core/Src/system_stm32l0xx.o
 .debug_abbrev  0x00001009       0x24 ./Core/Startup/startup_stm32l051c8tx.o
 .debug_abbrev  0x0000102d      0x2a4 ./Drivers/STM32L0xx_HAL_Driver/Src/stm32l0xx_hal.o
 .debug_abbrev  0x000012d1      0x29b ./Drivers/STM32L0xx_HAL_Driver/Src/stm32l0xx_hal_cortex.o
 .debug_abbrev  0x0000156c      0x1ca ./Drivers/STM32L0xx_HAL_Driver/Src/stm32l0xx_hal_gpio.o
 .debug_abbrev  0x00001736      0x18c ./Drivers/STM32L0xx_HAL_Driver/Src/stm32l0xx_hal_pwr.o
 .debug_abbrev  0x000018c2      0x295 ./Drivers/STM32L0xx_HAL_Driver/Src/stm32l0xx_hal_rcc.o
 .debug_abbrev  0x00001b57      0x274 ./Drivers/STM32L0xx_HAL_Driver/Src/stm32l0xx_hal_spi.o

.debug_aranges  0x00000000      0x728
 .debug_aranges
                0x00000000       0xa0 ./Core/Src/config_wrapper.o
 .debug_aranges
                0x000000a0       0x20 ./Core/Src/gpio.o
 .debug_aranges
                0x000000c0       0x40 ./Core/Src/main.o
 .debug_aranges
                0x00000100       0x30 ./Core/Src/spi.o
 .debug_aranges
                0x00000130       0x20 ./Core/Src/stm32l0xx_hal_msp.o
 .debug_aranges
                0x00000150       0x48 ./Core/Src/stm32l0xx_it.o
 .debug_aranges
                0x00000198       0x28 ./Core/Src/system_stm32l0xx.o
 .debug_aranges
                0x000001c0       0x28 ./Core/Startup/startup_stm32l051c8tx.o
 .debug_aranges
                0x000001e8      0x110 ./Drivers/STM32L0xx_HAL_Driver/Src/stm32l0xx_hal.o
 .debug_aranges
                0x000002f8       0xe8 ./Drivers/STM32L0xx_HAL_Driver/Src/stm32l0xx_hal_cortex.o
 .debug_aranges
                0x000003e0       0x58 ./Drivers/STM32L0xx_HAL_Driver/Src/stm32l0xx_hal_gpio.o
 .debug_aranges
                0x00000438       0xa0 ./Drivers/STM32L0xx_HAL_Driver/Src/stm32l0xx_hal_pwr.o
 .debug_aranges
                0x000004d8       0x80 ./Drivers/STM32L0xx_HAL_Driver/Src/stm32l0xx_hal_rcc.o
 .debug_aranges
                0x00000558      0x1d0 ./Drivers/STM32L0xx_HAL_Driver/Src/stm32l0xx_hal_spi.o

.debug_rnglists
                0x00000000      0x546
 .debug_rnglists
                0x00000000       0x76 ./Core/Src/config_wrapper.o
 .debug_rnglists
                0x00000076       0x14 ./Core/Src/gpio.o
 .debug_rnglists
                0x0000008a       0x2d ./Core/Src/main.o
 .debug_rnglists
                0x000000b7       0x20 ./Core/Src/spi.o
 .debug_rnglists
                0x000000d7       0x13 ./Core/Src/stm32l0xx_hal_msp.o
 .debug_rnglists
                0x000000ea       0x31 ./Core/Src/stm32l0xx_it.o
 .debug_rnglists
                0x0000011b       0x1a ./Core/Src/system_stm32l0xx.o
 .debug_rnglists
                0x00000135       0x19 ./Core/Startup/startup_stm32l051c8tx.o
 .debug_rnglists
                0x0000014e       0xc7 ./Drivers/STM32L0xx_HAL_Driver/Src/stm32l0xx_hal.o
 .debug_rnglists
                0x00000215       0xaa ./Drivers/STM32L0xx_HAL_Driver/Src/stm32l0xx_hal_cortex.o
 .debug_rnglists
                0x000002bf       0x3f ./Drivers/STM32L0xx_HAL_Driver/Src/stm32l0xx_hal_gpio.o
 .debug_rnglists
                0x000002fe       0x76 ./Drivers/STM32L0xx_HAL_Driver/Src/stm32l0xx_hal_pwr.o
 .debug_rnglists
                0x00000374       0x61 ./Drivers/STM32L0xx_HAL_Driver/Src/stm32l0xx_hal_rcc.o
 .debug_rnglists
                0x000003d5      0x171 ./Drivers/STM32L0xx_HAL_Driver/Src/stm32l0xx_hal_spi.o

.debug_macro    0x00000000    0x137f8
 .debug_macro   0x00000000      0x39b ./Core/Src/config_wrapper.o
 .debug_macro   0x0000039b      0x1f2 ./Core/Src/config_wrapper.o
 .debug_macro   0x0000058d       0x10 ./Core/Src/config_wrapper.o
 .debug_macro   0x0000059d      0x4f0 ./Core/Src/config_wrapper.o
 .debug_macro   0x00000a8d       0x1c ./Core/Src/config_wrapper.o
 .debug_macro   0x00000aa9       0x22 ./Core/Src/config_wrapper.o
 .debug_macro   0x00000acb       0x8e ./Core/Src/config_wrapper.o
 .debug_macro   0x00000b59       0x51 ./Core/Src/config_wrapper.o
 .debug_macro   0x00000baa      0x103 ./Core/Src/config_wrapper.o
 .debug_macro   0x00000cad       0x6a ./Core/Src/config_wrapper.o
 .debug_macro   0x00000d17      0x1df ./Core/Src/config_wrapper.o
 .debug_macro   0x00000ef6      0x119 ./Core/Src/config_wrapper.o
 .debug_macro   0x0000100f       0x2e ./Core/Src/config_wrapper.o
 .debug_macro   0x0000103d       0x28 ./Core/Src/config_wrapper.o
 .debug_macro   0x00001065       0x1c ./Core/Src/config_wrapper.o
 .debug_macro   0x00001081       0x22 ./Core/Src/config_wrapper.o
 .debug_macro   0x000010a3       0xaf ./Core/Src/config_wrapper.o
 .debug_macro   0x00001152      0x4da ./Core/Src/config_wrapper.o
 .debug_macro   0x0000162c      0x11f ./Core/Src/config_wrapper.o
 .debug_macro   0x0000174b     0x8478 ./Core/Src/config_wrapper.o
 .debug_macro   0x00009bc3       0x66 ./Core/Src/config_wrapper.o
 .debug_macro   0x00009c29     0x35ac ./Core/Src/config_wrapper.o
 .debug_macro   0x0000d1d5      0x197 ./Core/Src/config_wrapper.o
 .debug_macro   0x0000d36c       0x5c ./Core/Src/config_wrapper.o
 .debug_macro   0x0000d3c8      0x8ae ./Core/Src/config_wrapper.o
 .debug_macro   0x0000dc76      0x625 ./Core/Src/config_wrapper.o
 .debug_macro   0x0000e29b      0x190 ./Core/Src/config_wrapper.o
 .debug_macro   0x0000e42b      0x13f ./Core/Src/config_wrapper.o
 .debug_macro   0x0000e56a      0x161 ./Core/Src/config_wrapper.o
 .debug_macro   0x0000e6cb       0x82 ./Core/Src/config_wrapper.o
 .debug_macro   0x0000e74d      0x28e ./Core/Src/config_wrapper.o
 .debug_macro   0x0000e9db      0x1e9 ./Core/Src/config_wrapper.o
 .debug_macro   0x0000ebc4      0x128 ./Core/Src/config_wrapper.o
 .debug_macro   0x0000ecec      0x2ab ./Core/Src/config_wrapper.o
 .debug_macro   0x0000ef97      0x180 ./Core/Src/config_wrapper.o
 .debug_macro   0x0000f117       0x16 ./Core/Src/config_wrapper.o
 .debug_macro   0x0000f12d      0x22c ./Core/Src/config_wrapper.o
 .debug_macro   0x0000f359      0x146 ./Core/Src/config_wrapper.o
 .debug_macro   0x0000f49f       0x40 ./Core/Src/config_wrapper.o
 .debug_macro   0x0000f4df       0x58 ./Core/Src/config_wrapper.o
 .debug_macro   0x0000f537       0x61 ./Core/Src/config_wrapper.o
 .debug_macro   0x0000f598       0x24 ./Core/Src/config_wrapper.o
 .debug_macro   0x0000f5bc       0x43 ./Core/Src/config_wrapper.o
 .debug_macro   0x0000f5ff       0x34 ./Core/Src/config_wrapper.o
 .debug_macro   0x0000f633       0x16 ./Core/Src/config_wrapper.o
 .debug_macro   0x0000f649       0x3c ./Core/Src/config_wrapper.o
 .debug_macro   0x0000f685      0x380 ./Core/Src/config_wrapper.o
 .debug_macro   0x0000fa05       0x10 ./Core/Src/config_wrapper.o
 .debug_macro   0x0000fa15       0x16 ./Core/Src/config_wrapper.o
 .debug_macro   0x0000fa2b       0x4a ./Core/Src/config_wrapper.o
 .debug_macro   0x0000fa75       0x34 ./Core/Src/config_wrapper.o
 .debug_macro   0x0000faa9       0x10 ./Core/Src/config_wrapper.o
 .debug_macro   0x0000fab9       0x58 ./Core/Src/config_wrapper.o
 .debug_macro   0x0000fb11       0x8e ./Core/Src/config_wrapper.o
 .debug_macro   0x0000fb9f       0x16 ./Core/Src/config_wrapper.o
 .debug_macro   0x0000fbb5      0x17e ./Core/Src/config_wrapper.o
 .debug_macro   0x0000fd33       0x16 ./Core/Src/config_wrapper.o
 .debug_macro   0x0000fd49       0x16 ./Core/Src/config_wrapper.o
 .debug_macro   0x0000fd5f      0x138 ./Core/Src/config_wrapper.o
 .debug_macro   0x0000fe97      0x17e ./Core/Src/config_wrapper.o
 .debug_macro   0x00010015      0x2fe ./Core/Src/config_wrapper.o
 .debug_macro   0x00010313       0x10 ./Core/Src/config_wrapper.o
 .debug_macro   0x00010323       0x16 ./Core/Src/config_wrapper.o
 .debug_macro   0x00010339       0x16 ./Core/Src/config_wrapper.o
 .debug_macro   0x0001034f       0x29 ./Core/Src/config_wrapper.o
 .debug_macro   0x00010378       0x1c ./Core/Src/config_wrapper.o
 .debug_macro   0x00010394       0xde ./Core/Src/config_wrapper.o
 .debug_macro   0x00010472       0x40 ./Core/Src/config_wrapper.o
 .debug_macro   0x000104b2       0x3a ./Core/Src/config_wrapper.o
 .debug_macro   0x000104ec       0x1c ./Core/Src/config_wrapper.o
 .debug_macro   0x00010508      0xbcb ./Core/Src/config_wrapper.o
 .debug_macro   0x000110d3      0x1b0 ./Core/Src/gpio.o
 .debug_macro   0x00011283      0x3b3 ./Core/Src/main.o
 .debug_macro   0x00011636      0x1b0 ./Core/Src/spi.o
 .debug_macro   0x000117e6      0x1a1 ./Core/Src/stm32l0xx_hal_msp.o
 .debug_macro   0x00011987      0xaae ./Core/Src/stm32l0xx_hal_msp.o
 .debug_macro   0x00012435      0x4da ./Core/Src/stm32l0xx_hal_msp.o
 .debug_macro   0x0001290f      0x190 ./Core/Src/stm32l0xx_hal_msp.o
 .debug_macro   0x00012a9f      0x1b0 ./Core/Src/stm32l0xx_it.o
 .debug_macro   0x00012c4f      0x197 ./Core/Src/system_stm32l0xx.o
 .debug_macro   0x00012de6      0x1bb ./Drivers/STM32L0xx_HAL_Driver/Src/stm32l0xx_hal.o
 .debug_macro   0x00012fa1      0x197 ./Drivers/STM32L0xx_HAL_Driver/Src/stm32l0xx_hal_cortex.o
 .debug_macro   0x00013138      0x19e ./Drivers/STM32L0xx_HAL_Driver/Src/stm32l0xx_hal_gpio.o
 .debug_macro   0x000132d6      0x1af ./Drivers/STM32L0xx_HAL_Driver/Src/stm32l0xx_hal_pwr.o
 .debug_macro   0x00013485      0x1cd ./Drivers/STM32L0xx_HAL_Driver/Src/stm32l0xx_hal_rcc.o
 .debug_macro   0x00013652      0x1a6 ./Drivers/STM32L0xx_HAL_Driver/Src/stm32l0xx_hal_spi.o

.debug_line     0x00000000     0x9170
 .debug_line    0x00000000      0xed6 ./Core/Src/config_wrapper.o
 .debug_line    0x00000ed6      0x6a3 ./Core/Src/gpio.o
 .debug_line    0x00001579      0xda6 ./Core/Src/main.o
 .debug_line    0x0000231f      0x6f8 ./Core/Src/spi.o
 .debug_line    0x00002a17      0x671 ./Core/Src/stm32l0xx_hal_msp.o
 .debug_line    0x00003088      0x6ea ./Core/Src/stm32l0xx_it.o
 .debug_line    0x00003772      0x720 ./Core/Src/system_stm32l0xx.o
 .debug_line    0x00003e92       0x7b ./Core/Startup/startup_stm32l051c8tx.o
 .debug_line    0x00003f0d      0x9e2 ./Drivers/STM32L0xx_HAL_Driver/Src/stm32l0xx_hal.o
 .debug_line    0x000048ef      0xab0 ./Drivers/STM32L0xx_HAL_Driver/Src/stm32l0xx_hal_cortex.o
 .debug_line    0x0000539f      0xa3f ./Drivers/STM32L0xx_HAL_Driver/Src/stm32l0xx_hal_gpio.o
 .debug_line    0x00005dde      0x8b2 ./Drivers/STM32L0xx_HAL_Driver/Src/stm32l0xx_hal_pwr.o
 .debug_line    0x00006690      0xed7 ./Drivers/STM32L0xx_HAL_Driver/Src/stm32l0xx_hal_rcc.o
 .debug_line    0x00007567     0x1c09 ./Drivers/STM32L0xx_HAL_Driver/Src/stm32l0xx_hal_spi.o

.debug_str      0x00000000    0x71a0c
 .debug_str     0x00000000    0x71a0c ./Core/Src/config_wrapper.o
                              0x70432 (size before relaxing)
 .debug_str     0x00071a0c    0x62c20 ./Core/Src/gpio.o
 .debug_str     0x00071a0c    0x705ef ./Core/Src/main.o
 .debug_str     0x00071a0c    0x6301a ./Core/Src/spi.o
 .debug_str     0x00071a0c    0x624de ./Core/Src/stm32l0xx_hal_msp.o
 .debug_str     0x00071a0c    0x62948 ./Core/Src/stm32l0xx_it.o
 .debug_str     0x00071a0c    0x62553 ./Core/Src/system_stm32l0xx.o
 .debug_str     0x00071a0c       0xa2 ./Core/Startup/startup_stm32l051c8tx.o
 .debug_str     0x00071a0c    0x62c24 ./Drivers/STM32L0xx_HAL_Driver/Src/stm32l0xx_hal.o
 .debug_str     0x00071a0c    0x629c0 ./Drivers/STM32L0xx_HAL_Driver/Src/stm32l0xx_hal_cortex.o
 .debug_str     0x00071a0c    0x626f3 ./Drivers/STM32L0xx_HAL_Driver/Src/stm32l0xx_hal_gpio.o
 .debug_str     0x00071a0c    0x627de ./Drivers/STM32L0xx_HAL_Driver/Src/stm32l0xx_hal_pwr.o
 .debug_str     0x00071a0c    0x62a40 ./Drivers/STM32L0xx_HAL_Driver/Src/stm32l0xx_hal_rcc.o
 .debug_str     0x00071a0c    0x62e4a ./Drivers/STM32L0xx_HAL_Driver/Src/stm32l0xx_hal_spi.o

.comment        0x00000000       0x43
 .comment       0x00000000       0x43 ./Core/Src/config_wrapper.o
                                 0x44 (size before relaxing)
 .comment       0x00000043       0x44 ./Core/Src/gpio.o
 .comment       0x00000043       0x44 ./Core/Src/main.o
 .comment       0x00000043       0x44 ./Core/Src/spi.o
 .comment       0x00000043       0x44 ./Core/Src/stm32l0xx_hal_msp.o
 .comment       0x00000043       0x44 ./Core/Src/stm32l0xx_it.o
 .comment       0x00000043       0x44 ./Core/Src/system_stm32l0xx.o
 .comment       0x00000043       0x44 ./Drivers/STM32L0xx_HAL_Driver/Src/stm32l0xx_hal.o
 .comment       0x00000043       0x44 ./Drivers/STM32L0xx_HAL_Driver/Src/stm32l0xx_hal_cortex.o
 .comment       0x00000043       0x44 ./Drivers/STM32L0xx_HAL_Driver/Src/stm32l0xx_hal_gpio.o
 .comment       0x00000043       0x44 ./Drivers/STM32L0xx_HAL_Driver/Src/stm32l0xx_hal_pwr.o
 .comment       0x00000043       0x44 ./Drivers/STM32L0xx_HAL_Driver/Src/stm32l0xx_hal_rcc.o
 .comment       0x00000043       0x44 ./Drivers/STM32L0xx_HAL_Driver/Src/stm32l0xx_hal_spi.o

.debug_frame    0x00000000     0x1784
 .debug_frame   0x00000000      0x230 ./Core/Src/config_wrapper.o
 .debug_frame   0x00000230       0x30 ./Core/Src/gpio.o
 .debug_frame   0x00000260       0xa8 ./Core/Src/main.o
 .debug_frame   0x00000308       0x6c ./Core/Src/spi.o
 .debug_frame   0x00000374       0x2c ./Core/Src/stm32l0xx_hal_msp.o
 .debug_frame   0x000003a0       0xb8 ./Core/Src/stm32l0xx_it.o
 .debug_frame   0x00000458       0x4c ./Core/Src/system_stm32l0xx.o
 .debug_frame   0x000004a4      0x394 ./Drivers/STM32L0xx_HAL_Driver/Src/stm32l0xx_hal.o
 .debug_frame   0x00000838      0x33c ./Drivers/STM32L0xx_HAL_Driver/Src/stm32l0xx_hal_cortex.o
 .debug_frame   0x00000b74      0x110 ./Drivers/STM32L0xx_HAL_Driver/Src/stm32l0xx_hal_gpio.o
 .debug_frame   0x00000c84      0x200 ./Drivers/STM32L0xx_HAL_Driver/Src/stm32l0xx_hal_pwr.o
 .debug_frame   0x00000e84      0x1a4 ./Drivers/STM32L0xx_HAL_Driver/Src/stm32l0xx_hal_rcc.o
 .debug_frame   0x00001028      0x6f0 ./Drivers/STM32L0xx_HAL_Driver/Src/stm32l0xx_hal_spi.o
 .debug_frame   0x00001718       0x20 /home/vboxuser/st/stm32cubeide_2.1.1/plugins/com.st.stm32cube.ide.mcu.externaltools.gnu-tools-for-stm32.14.3.rel1.linux64_1.0.100.202602081740/tools/bin/../lib/gcc/arm-none-eabi/14.3.1/../../../../arm-none-eabi/lib/thumb/v6-m/nofp/libc_nano.a(libc_a-memset.o)
 .debug_frame   0x00001738       0x2c /home/vboxuser/st/stm32cubeide_2.1.1/plugins/com.st.stm32cube.ide.mcu.externaltools.gnu-tools-for-stm32.14.3.rel1.linux64_1.0.100.202602081740/tools/bin/../lib/gcc/arm-none-eabi/14.3.1/../../../../arm-none-eabi/lib/thumb/v6-m/nofp/libc_nano.a(libc_a-init.o)
 .debug_frame   0x00001764       0x20 /home/vboxuser/st/stm32cubeide_2.1.1/plugins/com.st.stm32cube.ide.mcu.externaltools.gnu-tools-for-stm32.14.3.rel1.linux64_1.0.100.202602081740/tools/bin/../lib/gcc/arm-none-eabi/14.3.1/thumb/v6-m/nofp/libgcc.a(_udivsi3.o)

.debug_line_str
                0x00000000       0x86
 .debug_line_str
                0x00000000       0x86 ./Core/Startup/startup_stm32l051c8tx.o
