/home/vboxuser/projects/LoRaSystem/STM32L051C8Tx_project_vscode/STM32L051C8Tx_slave/Core/Src/config_wrapper.cpp:10:16:static ConfigWrapper& ConfigWrapper::GetInstance()	8	static
/home/vboxuser/projects/LoRaSystem/STM32L051C8Tx_project_vscode/STM32L051C8Tx_slave/Core/Src/config_wrapper.cpp:17:6:void ConfigWrapper::init(SPI_HandleTypeDef*)	16	static
/home/vboxuser/projects/LoRaSystem/STM32L051C8Tx_project_vscode/STM32L051C8Tx_slave/Core/Src/config_wrapper.cpp:22:6:void ConfigWrapper::csLow()	16	static
/home/vboxuser/projects/LoRaSystem/STM32L051C8Tx_project_vscode/STM32L051C8Tx_slave/Core/Src/config_wrapper.cpp:27:6:void ConfigWrapper::csHigh()	16	static
/home/vboxuser/projects/LoRaSystem/STM32L051C8Tx_project_vscode/STM32L051C8Tx_slave/Core/Src/config_wrapper.cpp:32:6:void ConfigWrapper::resetLow()	16	static
/home/vboxuser/projects/LoRaSystem/STM32L051C8Tx_project_vscode/STM32L051C8Tx_slave/Core/Src/config_wrapper.cpp:37:6:void ConfigWrapper::resetHigh()	16	static
/home/vboxuser/projects/LoRaSystem/STM32L051C8Tx_project_vscode/STM32L051C8Tx_slave/Core/Src/config_wrapper.cpp:42:6:void ConfigWrapper::delayMs(uint32_t)	16	static
/home/vboxuser/projects/LoRaSystem/STM32L051C8Tx_project_vscode/STM32L051C8Tx_slave/Core/Src/config_wrapper.cpp:47:9:uint8_t ConfigWrapper::readRegister(uint8_t)	32	static
/home/vboxuser/projects/LoRaSystem/STM32L051C8Tx_project_vscode/STM32L051C8Tx_slave/Core/Src/config_wrapper.cpp:64:6:void ConfigWrapper::writeRegister(uint8_t, uint8_t)	16	static
/home/vboxuser/projects/LoRaSystem/STM32L051C8Tx_project_vscode/STM32L051C8Tx_slave/Core/Src/config_wrapper.cpp:76:9:uint8_t ConfigWrapper::spiTransfer(uint8_t)	40	static
