/home/vboxuser/projects/LoRaSystem/STM32L051C8Tx_project_vscode/STM32L051C8Tx_slave/cmake/stm32cubemx/../../Core/Inc/protocol.hpp:23:14:void DataProtocol::setCounter(uint8_t)	16	static
/home/vboxuser/projects/LoRaSystem/STM32L051C8Tx_project_vscode/STM32L051C8Tx_slave/cmake/stm32cubemx/../../Core/Inc/protocol.hpp:25:14:void DataProtocol::setMessageType(MessageType)	16	static
/home/vboxuser/projects/LoRaSystem/STM32L051C8Tx_project_vscode/STM32L051C8Tx_slave/cmake/stm32cubemx/../../Core/Inc/protocol.hpp:36:14:void DataProtocol::serialize(uint8_t*) const	16	static
/home/vboxuser/projects/LoRaSystem/STM32L051C8Tx_project_vscode/STM32L051C8Tx_slave/Core/Src/main.cpp:100:16:int main()	32	static
/home/vboxuser/projects/LoRaSystem/STM32L051C8Tx_project_vscode/STM32L051C8Tx_slave/Core/Src/main.cpp:228:6:void enterStopMode()	8	static
/home/vboxuser/projects/LoRaSystem/STM32L051C8Tx_project_vscode/STM32L051C8Tx_slave/Core/Src/main.cpp:243:6:void HAL_GPIO_EXTI_Callback(uint16_t)	16	static
/home/vboxuser/projects/LoRaSystem/STM32L051C8Tx_project_vscode/STM32L051C8Tx_slave/Core/Src/main.cpp:255:6:void SystemClock_Config()	88	static
/home/vboxuser/projects/LoRaSystem/STM32L051C8Tx_project_vscode/STM32L051C8Tx_slave/Core/Src/main.cpp:300:6:void Error_Handler()	8	static
/home/vboxuser/projects/LoRaSystem/STM32L051C8Tx_project_vscode/STM32L051C8Tx_slave/Core/Src/main.cpp:309:1:void __static_initialization_and_destruction_0()	8	static
/home/vboxuser/projects/LoRaSystem/STM32L051C8Tx_project_vscode/STM32L051C8Tx_slave/Core/Src/main.cpp:309:1:cpp)	8	static
