/home/vboxuser/projects/LoRaSystem/STM32L051C8Tx_project_vscode/STM32L051C8Tx_slave/Core/Src/stm32l0xx_it.c:69:6:NMI_Handler	8	static
/home/vboxuser/projects/LoRaSystem/STM32L051C8Tx_project_vscode/STM32L051C8Tx_slave/Core/Src/stm32l0xx_it.c:84:6:HardFault_Handler	8	static
/home/vboxuser/projects/LoRaSystem/STM32L051C8Tx_project_vscode/STM32L051C8Tx_slave/Core/Src/stm32l0xx_it.c:99:6:SVC_Handler	8	static
/home/vboxuser/projects/LoRaSystem/STM32L051C8Tx_project_vscode/STM32L051C8Tx_slave/Core/Src/stm32l0xx_it.c:112:6:PendSV_Handler	8	static
/home/vboxuser/projects/LoRaSystem/STM32L051C8Tx_project_vscode/STM32L051C8Tx_slave/Core/Src/stm32l0xx_it.c:125:6:SysTick_Handler	8	static
/home/vboxuser/projects/LoRaSystem/STM32L051C8Tx_project_vscode/STM32L051C8Tx_slave/Core/Src/stm32l0xx_it.c:146:6:EXTI0_1_IRQHandler	8	static
