Archive member included to satisfy reference by file (symbol)

/usr/lib/gcc/arm-none-eabi/14.2.1/thumb/v6-m/nofp/libgcc.a(_udivsi3.o)
                              cmake/stm32cubemx/CMakeFiles/STM32_Drivers.dir/__/__/Core/Src/system_stm32l0xx.c.obj (__aeabi_uidiv)
/usr/lib/gcc/arm-none-eabi/14.2.1/thumb/v6-m/nofp/libgcc.a(_dvmd_tls.o)
                              /usr/lib/gcc/arm-none-eabi/14.2.1/thumb/v6-m/nofp/libgcc.a(_udivsi3.o) (__aeabi_idiv0)
/usr/lib/gcc/arm-none-eabi/14.2.1/../../../arm-none-eabi/lib/thumb/v6-m/nofp/libg_nano.a(libc_a-errno.o)
                              CMakeFiles/STM32L051C8Tx_slave_vscode.dir/Core/Src/sysmem.c.obj (__errno)
/usr/lib/gcc/arm-none-eabi/14.2.1/../../../arm-none-eabi/lib/thumb/v6-m/nofp/libg_nano.a(libc_a-init.o)
                              /usr/lib/gcc/arm-none-eabi/14.2.1/../../../arm-none-eabi/lib/thumb/v6-m/nofp/crt0.o (__libc_init_array)
/usr/lib/gcc/arm-none-eabi/14.2.1/../../../arm-none-eabi/lib/thumb/v6-m/nofp/libg_nano.a(libc_a-memset.o)
                              /usr/lib/gcc/arm-none-eabi/14.2.1/../../../arm-none-eabi/lib/thumb/v6-m/nofp/crt0.o (memset)
/usr/lib/gcc/arm-none-eabi/14.2.1/../../../arm-none-eabi/lib/thumb/v6-m/nofp/libg_nano.a(libc_a-impure.o)
                              /usr/lib/gcc/arm-none-eabi/14.2.1/../../../arm-none-eabi/lib/thumb/v6-m/nofp/libg_nano.a(libc_a-errno.o) (_impure_ptr)
/usr/lib/gcc/arm-none-eabi/14.2.1/../../../arm-none-eabi/lib/thumb/v6-m/nofp/libg_nano.a(libc_a-exit.o)
                              /usr/lib/gcc/arm-none-eabi/14.2.1/../../../arm-none-eabi/lib/thumb/v6-m/nofp/crt0.o (exit)
/usr/lib/gcc/arm-none-eabi/14.2.1/../../../arm-none-eabi/lib/thumb/v6-m/nofp/libg_nano.a(libc_a-atexit.o)
                              /usr/lib/gcc/arm-none-eabi/14.2.1/../../../arm-none-eabi/lib/thumb/v6-m/nofp/crt0.o (atexit)
/usr/lib/gcc/arm-none-eabi/14.2.1/../../../arm-none-eabi/lib/thumb/v6-m/nofp/libg_nano.a(libc_a-fini.o)
                              /usr/lib/gcc/arm-none-eabi/14.2.1/../../../arm-none-eabi/lib/thumb/v6-m/nofp/crt0.o (__libc_fini_array)
/usr/lib/gcc/arm-none-eabi/14.2.1/../../../arm-none-eabi/lib/thumb/v6-m/nofp/libg_nano.a(libc_a-findfp.o)
                              /usr/lib/gcc/arm-none-eabi/14.2.1/../../../arm-none-eabi/lib/thumb/v6-m/nofp/libg_nano.a(libc_a-exit.o) (__stdio_exit_handler)
/usr/lib/gcc/arm-none-eabi/14.2.1/../../../arm-none-eabi/lib/thumb/v6-m/nofp/libg_nano.a(libc_a-fflush.o)
                              /usr/lib/gcc/arm-none-eabi/14.2.1/../../../arm-none-eabi/lib/thumb/v6-m/nofp/libg_nano.a(libc_a-findfp.o) (_fflush_r)
/usr/lib/gcc/arm-none-eabi/14.2.1/../../../arm-none-eabi/lib/thumb/v6-m/nofp/libg_nano.a(libc_a-mallocr.o)
                              /usr/lib/gcc/arm-none-eabi/14.2.1/../../../arm-none-eabi/lib/thumb/v6-m/nofp/libg_nano.a(libc_a-findfp.o) (_malloc_r)
/usr/lib/gcc/arm-none-eabi/14.2.1/../../../arm-none-eabi/lib/thumb/v6-m/nofp/libg_nano.a(libc_a-freer.o)
                              /usr/lib/gcc/arm-none-eabi/14.2.1/../../../arm-none-eabi/lib/thumb/v6-m/nofp/libg_nano.a(libc_a-fflush.o) (_free_r)
/usr/lib/gcc/arm-none-eabi/14.2.1/../../../arm-none-eabi/lib/thumb/v6-m/nofp/libg_nano.a(libc_a-fwalk.o)
                              /usr/lib/gcc/arm-none-eabi/14.2.1/../../../arm-none-eabi/lib/thumb/v6-m/nofp/libg_nano.a(libc_a-findfp.o) (_fwalk_sglue)
/usr/lib/gcc/arm-none-eabi/14.2.1/../../../arm-none-eabi/lib/thumb/v6-m/nofp/libg_nano.a(libc_a-__atexit.o)
                              /usr/lib/gcc/arm-none-eabi/14.2.1/../../../arm-none-eabi/lib/thumb/v6-m/nofp/libg_nano.a(libc_a-atexit.o) (__register_exitproc)
/usr/lib/gcc/arm-none-eabi/14.2.1/../../../arm-none-eabi/lib/thumb/v6-m/nofp/libg_nano.a(libc_a-mlock.o)
                              /usr/lib/gcc/arm-none-eabi/14.2.1/../../../arm-none-eabi/lib/thumb/v6-m/nofp/libg_nano.a(libc_a-mallocr.o) (__malloc_lock)
/usr/lib/gcc/arm-none-eabi/14.2.1/../../../arm-none-eabi/lib/thumb/v6-m/nofp/libg_nano.a(libc_a-sbrkr.o)
                              /usr/lib/gcc/arm-none-eabi/14.2.1/../../../arm-none-eabi/lib/thumb/v6-m/nofp/libg_nano.a(libc_a-mallocr.o) (_sbrk_r)
/usr/lib/gcc/arm-none-eabi/14.2.1/../../../arm-none-eabi/lib/thumb/v6-m/nofp/libg_nano.a(libc_a-stdio.o)
                              /usr/lib/gcc/arm-none-eabi/14.2.1/../../../arm-none-eabi/lib/thumb/v6-m/nofp/libg_nano.a(libc_a-findfp.o) (__sread)
/usr/lib/gcc/arm-none-eabi/14.2.1/../../../arm-none-eabi/lib/thumb/v6-m/nofp/libg_nano.a(libc_a-readr.o)
                              /usr/lib/gcc/arm-none-eabi/14.2.1/../../../arm-none-eabi/lib/thumb/v6-m/nofp/libg_nano.a(libc_a-stdio.o) (_read_r)
/usr/lib/gcc/arm-none-eabi/14.2.1/../../../arm-none-eabi/lib/thumb/v6-m/nofp/libg_nano.a(libc_a-writer.o)
                              /usr/lib/gcc/arm-none-eabi/14.2.1/../../../arm-none-eabi/lib/thumb/v6-m/nofp/libg_nano.a(libc_a-stdio.o) (_write_r)
/usr/lib/gcc/arm-none-eabi/14.2.1/../../../arm-none-eabi/lib/thumb/v6-m/nofp/libg_nano.a(libc_a-closer.o)
[...]
Memory Configuration

Name             Origin             Length             Attributes
RAM              0x20000000         0x00002000         xrw
FLASH            0x08000000         0x00010000         xr
*default*        0x00000000         0xffffffff

Linker script and memory map

LOAD /usr/lib/gcc/arm-none-eabi/14.2.1/thumb/v6-m/nofp/crti.o
LOAD /usr/lib/gcc/arm-none-eabi/14.2.1/thumb/v6-m/nofp/crtbegin.o
LOAD /usr/lib/gcc/arm-none-eabi/14.2.1/../../../arm-none-eabi/lib/thumb/v6-m/nofp/crt0.o
LOAD cmake/stm32cubemx/CMakeFiles/STM32_Drivers.dir/__/__/Core/Src/system_stm32l0xx.c.obj
LOAD cmake/stm32cubemx/CMakeFiles/STM32_Drivers.dir/__/__/Drivers/STM32L0xx_HAL_Driver/Src/stm32l0xx_hal_spi.c.obj
LOAD cmake/stm32cubemx/CMakeFiles/STM32_Drivers.dir/__/__/Drivers/STM32L0xx_HAL_Driver/Src/stm32l0xx_hal.c.obj
LOAD cmake/stm32cubemx/CMakeFiles/STM32_Drivers.dir/__/__/Drivers/STM32L0xx_HAL_Driver/Src/stm32l0xx_hal_i2c.c.obj
LOAD cmake/stm32cubemx/CMakeFiles/STM32_Drivers.dir/__/__/Drivers/STM32L0xx_HAL_Driver/Src/stm32l0xx_hal_i2c_ex.c.obj
LOAD cmake/stm32cubemx/CMakeFiles/STM32_Drivers.dir/__/__/Drivers/STM32L0xx_HAL_Driver/Src/stm32l0xx_hal_rcc.c.obj
LOAD cmake/stm32cubemx/CMakeFiles/STM32_Drivers.dir/__/__/Drivers/STM32L0xx_HAL_Driver/Src/stm32l0xx_hal_rcc_ex.c.obj
LOAD cmake/stm32cubemx/CMakeFiles/STM32_Drivers.dir/__/__/Drivers/STM32L0xx_HAL_Driver/Src/stm32l0xx_hal_flash_ramfunc.c.obj
LOAD cmake/stm32cubemx/CMakeFiles/STM32_Drivers.dir/__/__/Drivers/STM32L0xx_HAL_Driver/Src/stm32l0xx_hal_flash.c.obj
LOAD cmake/stm32cubemx/CMakeFiles/STM32_Drivers.dir/__/__/Drivers/STM32L0xx_HAL_Driver/Src/stm32l0xx_hal_flash_ex.c.obj
LOAD cmake/stm32cubemx/CMakeFiles/STM32_Drivers.dir/__/__/Drivers/STM32L0xx_HAL_Driver/Src/stm32l0xx_hal_gpio.c.obj
LOAD cmake/stm32cubemx/CMakeFiles/STM32_Drivers.dir/__/__/Drivers/STM32L0xx_HAL_Driver/Src/stm32l0xx_hal_dma.c.obj
LOAD cmake/stm32cubemx/CMakeFiles/STM32_Drivers.dir/__/__/Drivers/STM32L0xx_HAL_Driver/Src/stm32l0xx_hal_pwr.c.obj
LOAD cmake/stm32cubemx/CMakeFiles/STM32_Drivers.dir/__/__/Drivers/STM32L0xx_HAL_Driver/Src/stm32l0xx_hal_pwr_ex.c.obj
LOAD cmake/stm32cubemx/CMakeFiles/STM32_Drivers.dir/__/__/Drivers/STM32L0xx_HAL_Driver/Src/stm32l0xx_hal_cortex.c.obj
LOAD cmake/stm32cubemx/CMakeFiles/STM32_Drivers.dir/__/__/Drivers/STM32L0xx_HAL_Driver/Src/stm32l0xx_hal_exti.c.obj
LOAD CMakeFiles/STM32L051C8Tx_slave_vscode.dir/Core/Src/main.cpp.obj
LOAD CMakeFiles/STM32L051C8Tx_slave_vscode.dir/Core/Src/gpio.cpp.obj
LOAD CMakeFiles/STM32L051C8Tx_slave_vscode.dir/Core/Src/spi.cpp.obj
LOAD CMakeFiles/STM32L051C8Tx_slave_vscode.dir/Core/Src/stm32l0xx_it.cpp.obj
LOAD CMakeFiles/STM32L051C8Tx_slave_vscode.dir/Core/Src/callbacks.cpp.obj
LOAD CMakeFiles/STM32L051C8Tx_slave_vscode.dir/Core/Src/config_wrapper.cpp.obj
LOAD CMakeFiles/STM32L051C8Tx_slave_vscode.dir/Core/Src/config_sx127x.cpp.obj
LOAD CMakeFiles/STM32L051C8Tx_slave_vscode.dir/Core/Src/protocol.cpp.obj
LOAD CMakeFiles/STM32L051C8Tx_slave_vscode.dir/Core/Src/stm32l0xx_hal_msp.c.obj
LOAD CMakeFiles/STM32L051C8Tx_slave_vscode.dir/Core/Src/sysmem.c.obj
LOAD CMakeFiles/STM32L051C8Tx_slave_vscode.dir/Core/Src/syscalls.c.obj
LOAD CMakeFiles/STM32L051C8Tx_slave_vscode.dir/startup_stm32l051xx.s.obj
LOAD /usr/lib/gcc/arm-none-eabi/14.2.1/../../../arm-none-eabi/lib/thumb/v6-m/nofp/libstdc++_nano.a
LOAD /usr/lib/gcc/arm-none-eabi/14.2.1/../../../arm-none-eabi/lib/thumb/v6-m/nofp/libm.a
START GROUP
LOAD /usr/lib/gcc/arm-none-eabi/14.2.1/thumb/v6-m/nofp/libgcc.a
LOAD /usr/lib/gcc/arm-none-eabi/14.2.1/../../../arm-none-eabi/lib/thumb/v6-m/nofp/libg_nano.a
LOAD /usr/lib/gcc/arm-none-eabi/14.2.1/../../../arm-none-eabi/lib/thumb/v6-m/nofp/libc_nano.a
END GROUP
START GROUP
LOAD /usr/lib/gcc/arm-none-eabi/14.2.1/thumb/v6-m/nofp/libgcc.a
LOAD /usr/lib/gcc/arm-none-eabi/14.2.1/../../../arm-none-eabi/lib/thumb/v6-m/nofp/libc_nano.a
END GROUP
LOAD /usr/lib/gcc/arm-none-eabi/14.2.1/thumb/v6-m/nofp/crtend.o
LOAD /usr/lib/gcc/arm-none-eabi/14.2.1/thumb/v6-m/nofp/crtn.o
                0x20002000                        _estack = (ORIGIN (RAM) + LENGTH (RAM))
                0x20001c00                        _sstack = (_estack - _Min_Stack_Size)
                0x00000200                        _Min_Heap_Size = 0x200
                0x00000400                        _Min_Stack_Size = 0x400

.isr_vector     0x08000000       0xc0
                0x08000000                        . = ALIGN (0x4)
 *(.isr_vector)
 .isr_vector    0x08000000       0xc0 CMakeFiles/STM32L051C8Tx_slave_vscode.dir/startup_stm32l051xx.s.obj
                0x08000000                g_pfnVectors
                0x080000c0                        . = ALIGN (0x4)

.text           0x080000c0     0x2514
                0x080000c0                        . = ALIGN (0x4)
 *(.text)
 .text          0x080000c0       0x98 /usr/lib/gcc/arm-none-eabi/14.2.1/thumb/v6-m/nofp/crtbegin.o
 .text          0x08000158      0x114 /usr/lib/gcc/arm-none-eabi/14.2.1/thumb/v6-m/nofp/libgcc.a(_udivsi3.o)
                0x08000158                __udivsi3
                0x08000158                __aeabi_uidiv
                0x08000264                __aeabi_uidivmod
 .text          0x0800026c        0x4 /usr/lib/gcc/arm-none-eabi/14.2.1/thumb/v6-m/nofp/libgcc.a(_dvmd_tls.o)
                0x0800026c                __aeabi_ldiv0
                0x0800026c                __aeabi_idiv0
 .text          0x08000270       0x48 /usr/lib/gcc/arm-none-eabi/14.2.1/../../../arm-none-eabi/lib/thumb/v6-m/nofp/libg_nano.a(libc_a-init.o)
                0x08000270                __libc_init_array
 .text          0x080002b8       0xa8 /usr/lib/gcc/arm-none-eabi/14.2.1/../../../arm-none-eabi/lib/thumb/v6-m/nofp/libg_nano.a(libc_a-memset.o)
                0x080002b8                memset
 *(.text*)
 .text.SystemInit
                0x08000360        0xa cmake/stm32cubemx/CMakeFiles/STM32_Drivers.dir/__/__/Core/Src/system_stm32l0xx.c.obj
                0x08000360                SystemInit
 *fill*         0x0800036a        0x2 
 .text.HAL_SPI_Init
                0x0800036c      0x128 cmake/stm32cubemx/CMakeFiles/STM32_Drivers.dir/__/__/Drivers/STM32L0xx_HAL_Driver/Src/stm32l0xx_hal_spi.c.obj
                0x0800036c                HAL_SPI_Init
 .text.HAL_SPI_TransmitReceive
                0x08000494      0x37e cmake/stm32cubemx/CMakeFiles/STM32_Drivers.dir/__/__/Drivers/STM32L0xx_HAL_Driver/Src/stm32l0xx_hal_spi.c.obj
                0x08000494                HAL_SPI_TransmitReceive
 *fill*         0x08000812        0x2 
 .text.SPI_WaitFlagStateUntilTimeout
                0x08000814      0x11c cmake/stm32cubemx/CMakeFiles/STM32_Drivers.dir/__/__/Drivers/STM32L0xx_HAL_Driver/Src/stm32l0xx_hal_spi.c.obj
 .text.SPI_EndRxTxTransaction
                0x08000930       0xb4 cmake/stm32cubemx/CMakeFiles/STM32_Drivers.dir/__/__/Drivers/STM32L0xx_HAL_Driver/Src/stm32l0xx_hal_spi.c.obj
 .text.HAL_Init
                0x080009e4       0x40 cmake/stm32cubemx/CMakeFiles/STM32_Drivers.dir/__/__/Drivers/STM32L0xx_HAL_Driver/Src/stm32l0xx_hal.c.obj
                0x080009e4                HAL_Init
 .text.HAL_InitTick
                0x08000a24       0x68 cmake/stm32cubemx/CMakeFiles/STM32_Drivers.dir/__/__/Drivers/STM32L0xx_HAL_Driver/Src/stm32l0xx_hal.c.obj
                0x08000a24                HAL_InitTick
 .text.HAL_IncTick
                0x08000a8c       0x24 cmake/stm32cubemx/CMakeFiles/STM32_Drivers.dir/__/__/Drivers/STM32L0xx_HAL_Driver/Src/stm32l0xx_hal.c.obj
                0x08000a8c                HAL_IncTick
 .text.HAL_GetTick
                0x08000ab0       0x14 cmake/stm32cubemx/CMakeFiles/STM32_Drivers.dir/__/__/Drivers/STM32L0xx_HAL_Driver/Src/stm32l0xx_hal.c.obj
                0x08000ab0                HAL_GetTick
 .text.HAL_Delay
                0x08000ac4       0x48 cmake/stm32cubemx/CMakeFiles/STM32_Drivers.dir/__/__/Drivers/STM32L0xx_HAL_Driver/Src/stm32l0xx_hal.c.obj
                0x08000ac4                HAL_Delay
 .text.HAL_SuspendTick
                0x08000b0c       0x1c cmake/stm32cubemx/CMakeFiles/STM32_Drivers.dir/__/__/Drivers/STM32L0xx_HAL_Driver/Src/stm32l0xx_hal.c.obj
                0x08000b0c                HAL_SuspendTick
 .text.HAL_ResumeTick
                0x08000b28       0x1c cmake/stm32cubemx/CMakeFiles/STM32_Drivers.dir/__/__/Drivers/STM32L0xx_HAL_Driver/Src/stm32l0xx_hal.c.obj
                0x08000b28                HAL_ResumeTick
 .text.HAL_RCC_OscConfig
                0x08000b44      0x6d4 cmake/stm32cubemx/CMakeFiles/STM32_Drivers.dir/__/__/Drivers/STM32L0xx_HAL_Driver/Src/stm32l0xx_hal_rcc.c.obj
                0x08000b44                HAL_RCC_OscConfig
 .text.HAL_RCC_ClockConfig
                0x08001218      0x290 cmake/stm32cubemx/CMakeFiles/STM32_Drivers.dir/__/__/Drivers/STM32L0xx_HAL_Driver/Src/stm32l0xx_hal_rcc.c.obj
                0x08001218                HAL_RCC_ClockConfig
 .text.HAL_RCC_GetSysClockFreq
                0x080014a8      0x10c cmake/stm32cubemx/CMakeFiles/STM32_Drivers.dir/__/__/Drivers/STM32L0xx_HAL_Driver/Src/stm32l0xx_hal_rcc.c.obj
                0x080014a8                HAL_RCC_GetSysClockFreq
 .text.HAL_GPIO_Init
                0x080015b4      0x2ec cmake/stm32cubemx/CMakeFiles/STM32_Drivers.dir/__/__/Drivers/STM32L0xx_HAL_Driver/Src/stm32l0xx_hal_gpio.c.obj
                0x080015b4                HAL_GPIO_Init
 .text.HAL_GPIO_WritePin
                0x080018a0       0x3a cmake/stm32cubemx/CMakeFiles/STM32_Drivers.dir/__/__/Drivers/STM32L0xx_HAL_Driver/Src/stm32l0xx_hal_gpio.c.obj
                0x080018a0                HAL_GPIO_WritePin
 .text.HAL_GPIO_TogglePin
                0x080018da       0x36 cmake/stm32cubemx/CMakeFiles/STM32_Drivers.dir/__/__/Drivers/STM32L0xx_HAL_Driver/Src/stm32l0xx_hal_gpio.c.obj
                0x080018da                HAL_GPIO_TogglePin
 .text.HAL_GPIO_EXTI_IRQHandler
                0x08001910       0x38 cmake/stm32cubemx/CMakeFiles/STM32_Drivers.dir/__/__/Drivers/STM32L0xx_HAL_Driver/Src/stm32l0xx_hal_gpio.c.obj
                0x08001910                HAL_GPIO_EXTI_IRQHandler
 .text.HAL_PWR_EnterSTOPMode
                0x08001948       0xb8 cmake/stm32cubemx/CMakeFiles/STM32_Drivers.dir/__/__/Drivers/STM32L0xx_HAL_Driver/Src/stm32l0xx_hal_pwr.c.obj
                0x08001948                HAL_PWR_EnterSTOPMode
 .text.__NVIC_EnableIRQ
                0x08001a00       0x34 cmake/stm32cubemx/CMakeFiles/STM32_Drivers.dir/__/__/Drivers/STM32L0xx_HAL_Driver/Src/stm32l0xx_hal_cortex.c.obj
 .text.__NVIC_SetPriority
                0x08001a34       0xdc cmake/stm32cubemx/CMakeFiles/STM32_Drivers.dir/__/__/Drivers/STM32L0xx_HAL_Driver/Src/stm32l0xx_hal_cortex.c.obj
 .text.SysTick_Config
                0x08001b10       0x48 cmake/stm32cubemx/CMakeFiles/STM32_Drivers.dir/__/__/Drivers/STM32L0xx_HAL_Driver/Src/stm32l0xx_hal_cortex.c.obj
 .text.HAL_NVIC_SetPriority
                0x08001b58       0x2a cmake/stm32cubemx/CMakeFiles/STM32_Drivers.dir/__/__/Drivers/STM32L0xx_HAL_Driver/Src/stm32l0xx_hal_cortex.c.obj
                0x08001b58                HAL_NVIC_SetPriority
 .text.HAL_NVIC_EnableIRQ
                0x08001b82       0x20 cmake/stm32cubemx/CMakeFiles/STM32_Drivers.dir/__/__/Drivers/STM32L0xx_HAL_Driver/Src/stm32l0xx_hal_cortex.c.obj
                0x08001b82                HAL_NVIC_EnableIRQ
 .text.HAL_SYSTICK_Config
                0x08001ba2       0x1a cmake/stm32cubemx/CMakeFiles/STM32_Drivers.dir/__/__/Drivers/STM32L0xx_HAL_Driver/Src/stm32l0xx_hal_cortex.c.obj
                0x08001ba2                HAL_SYSTICK_Config
 .text._ZN12DataProtocol10setCounterEh
                0x08001bbc       0x1e CMakeFiles/STM32L051C8Tx_slave_vscode.dir/Core/Src/main.cpp.obj
                0x08001bbc                DataProtocol::setCounter(unsigned char)
 .text._ZN12DataProtocol14setMessageTypeE11MessageType
                0x08001bda       0x1e CMakeFiles/STM32L051C8Tx_slave_vscode.dir/Core/Src/main.cpp.obj
                0x08001bda                DataProtocol::setMessageType(MessageType)
 .text._ZNK12DataProtocol9serializeEPh
                0x08001bf8       0x4c CMakeFiles/STM32L051C8Tx_slave_vscode.dir/Core/Src/main.cpp.obj
                0x08001bf8                DataProtocol::serialize(unsigned char*) const
 .text.main     0x08001c44      0x160 CMakeFiles/STM32L051C8Tx_slave_vscode.dir/Core/Src/main.cpp.obj
                0x08001c44                main
 .text._Z13enterStopModev
                0x08001da4       0x40 CMakeFiles/STM32L051C8Tx_slave_vscode.dir/Core/Src/main.cpp.obj
                0x08001da4                enterStopMode()
 .text.HAL_GPIO_EXTI_Callback
                0x08001de4       0x28 CMakeFiles/STM32L051C8Tx_slave_vscode.dir/Core/Src/main.cpp.obj
                0x08001de4                HAL_GPIO_EXTI_Callback
 .text._Z18SystemClock_Configv
                0x08001e0c       0xb8 CMakeFiles/STM32L051C8Tx_slave_vscode.dir/Core/Src/main.cpp.obj
                0x08001e0c                SystemClock_Config()
 .text.Error_Handler
                0x08001ec4        0xc CMakeFiles/STM32L051C8Tx_slave_vscode.dir/Core/Src/main.cpp.obj
                0x08001ec4                Error_Handler
 .text._Z41__static_initialization_and_destruction_0v
                0x08001ed0       0x1c CMakeFiles/STM32L051C8Tx_slave_vscode.dir/Core/Src/main.cpp.obj
 .text._GLOBAL__sub_I_pirDetected
                0x08001eec        0xc CMakeFiles/STM32L051C8Tx_slave_vscode.dir/Core/Src/main.cpp.obj
 .text.MX_GPIO_Init
                0x08001ef8       0xf4 CMakeFiles/STM32L051C8Tx_slave_vscode.dir/Core/Src/gpio.cpp.obj
                0x08001ef8                MX_GPIO_Init
 .text.MX_SPI2_Init
                0x08001fec       0x78 CMakeFiles/STM32L051C8Tx_slave_vscode.dir/Core/Src/spi.cpp.obj
                0x08001fec                MX_SPI2_Init
 .text.HAL_SPI_MspInit
                0x08002064       0x8c CMakeFiles/STM32L051C8Tx_slave_vscode.dir/Core/Src/spi.cpp.obj
                0x08002064                HAL_SPI_MspInit
 .text.NMI_Handler
                0x080020f0        0x8 CMakeFiles/STM32L051C8Tx_slave_vscode.dir/Core/Src/stm32l0xx_it.cpp.obj
                0x080020f0                NMI_Handler
 .text.HardFault_Handler
                0x080020f8        0x8 CMakeFiles/STM32L051C8Tx_slave_vscode.dir/Core/Src/stm32l0xx_it.cpp.obj
                0x080020f8                HardFault_Handler
 .text.SVC_Handler
                0x08002100        0xa CMakeFiles/STM32L051C8Tx_slave_vscode.dir/Core/Src/stm32l0xx_it.cpp.obj
                0x08002100                SVC_Handler
 .text.PendSV_Handler
                0x0800210a        0xa CMakeFiles/STM32L051C8Tx_slave_vscode.dir/Core/Src/stm32l0xx_it.cpp.obj
                0x0800210a                PendSV_Handler
 .text.SysTick_Handler
                0x08002114        0xe CMakeFiles/STM32L051C8Tx_slave_vscode.dir/Core/Src/stm32l0xx_it.cpp.obj
                0x08002114                SysTick_Handler
 .text.EXTI0_1_IRQHandler
                0x08002122       0x10 CMakeFiles/STM32L051C8Tx_slave_vscode.dir/Core/Src/stm32l0xx_it.cpp.obj
                0x08002122                EXTI0_1_IRQHandler
 *fill*         0x08002132        0x2 
 .text._ZN13ConfigWrapper11GetInstanceEv
                0x08002134       0x10 CMakeFiles/STM32L051C8Tx_slave_vscode.dir/Core/Src/config_wrapper.cpp.obj
                0x08002134                ConfigWrapper::GetInstance()
 .text._ZN13ConfigWrapper4initEP19__SPI_HandleTypeDef
                0x08002144       0x18 CMakeFiles/STM32L051C8Tx_slave_vscode.dir/Core/Src/config_wrapper.cpp.obj
                0x08002144                ConfigWrapper::init(__SPI_HandleTypeDef*)
 .text._ZN13ConfigWrapper5csLowEv
                0x0800215c       0x24 CMakeFiles/STM32L051C8Tx_slave_vscode.dir/Core/Src/config_wrapper.cpp.obj
                0x0800215c                ConfigWrapper::csLow()
 .text._ZN13ConfigWrapper6csHighEv
                0x08002180       0x24 CMakeFiles/STM32L051C8Tx_slave_vscode.dir/Core/Src/config_wrapper.cpp.obj
                0x08002180                ConfigWrapper::csHigh()
 .text._ZN13ConfigWrapper8resetLowEv
                0x080021a4       0x20 CMakeFiles/STM32L051C8Tx_slave_vscode.dir/Core/Src/config_wrapper.cpp.obj
                0x080021a4                ConfigWrapper::resetLow()
 .text._ZN13ConfigWrapper9resetHighEv
                0x080021c4       0x20 CMakeFiles/STM32L051C8Tx_slave_vscode.dir/Core/Src/config_wrapper.cpp.obj
                0x080021c4                ConfigWrapper::resetHigh()
 .text._ZN13ConfigWrapper7delayMsEm
                0x080021e4       0x1a CMakeFiles/STM32L051C8Tx_slave_vscode.dir/Core/Src/config_wrapper.cpp.obj
                0x080021e4                ConfigWrapper::delayMs(unsigned long)
 .text._ZN13ConfigWrapper12readRegisterEh
                0x080021fe       0x58 CMakeFiles/STM32L051C8Tx_slave_vscode.dir/Core/Src/config_wrapper.cpp.obj
                0x080021fe                ConfigWrapper::readRegister(unsigned char)
 .text._ZN13ConfigWrapper13writeRegisterEhh
                0x08002256       0x54 CMakeFiles/STM32L051C8Tx_slave_vscode.dir/Core/Src/config_wrapper.cpp.obj
                0x08002256                ConfigWrapper::writeRegister(unsigned char, unsigned char)
 .text._ZN13ConfigWrapper11spiTransferEh
                0x080022aa       0x30 CMakeFiles/STM32L051C8Tx_slave_vscode.dir/Core/Src/config_wrapper.cpp.obj
                0x080022aa                ConfigWrapper::spiTransfer(unsigned char)
 .text._Z11init_SX127xR13ConfigWrapper
                0x080022da       0x54 CMakeFiles/STM32L051C8Tx_slave_vscode.dir/Core/Src/config_sx127x.cpp.obj
                0x080022da                init_SX127x(ConfigWrapper&)
 .text._Z10sleep_modeR13ConfigWrapper
                0x0800232e       0x1c CMakeFiles/STM32L051C8Tx_slave_vscode.dir/Core/Src/config_sx127x.cpp.obj
                0x0800232e                sleep_mode(ConfigWrapper&)
 .text._Z12standby_modeR13ConfigWrapper
                0x0800234a       0x1c CMakeFiles/STM32L051C8Tx_slave_vscode.dir/Core/Src/config_sx127x.cpp.obj
                0x0800234a                standby_mode(ConfigWrapper&)
 .text._Z10sendPacketR13ConfigWrapperPKhh
                0x08002366       0xc2 CMakeFiles/STM32L051C8Tx_slave_vscode.dir/Core/Src/config_sx127x.cpp.obj
                0x08002366                sendPacket(ConfigWrapper&, unsigned char const*, unsigned char)
 .text._Z13configureLoRaR13ConfigWrapper
                0x08002428       0xc4 CMakeFiles/STM32L051C8Tx_slave_vscode.dir/Core/Src/config_sx127x.cpp.obj
                0x08002428                configureLoRa(ConfigWrapper&)
 .text._ZN12DataProtocolC2Ehhh
                0x080024ec       0x54 CMakeFiles/STM32L051C8Tx_slave_vscode.dir/Core/Src/protocol.cpp.obj
                0x080024ec                DataProtocol::DataProtocol(unsigned char, unsigned char, unsigned char)
                0x080024ec                DataProtocol::DataProtocol(unsigned char, unsigned char, unsigned char)
 .text.HAL_MspInit
                0x08002540       0x28 CMakeFiles/STM32L051C8Tx_slave_vscode.dir/Core/Src/stm32l0xx_hal_msp.c.obj
                0x08002540                HAL_MspInit
 .text.Reset_Handler
                0x08002568       0x50 CMakeFiles/STM32L051C8Tx_slave_vscode.dir/startup_stm32l051xx.s.obj
                0x08002568                Reset_Handler
 .text.Default_Handler
                0x080025b8        0x2 CMakeFiles/STM32L051C8Tx_slave_vscode.dir/startup_stm32l051xx.s.obj
                0x080025b8                ADC1_COMP_IRQHandler
                0x080025b8                TIM6_IRQHandler
                0x080025b8                PVD_IRQHandler
                0x080025b8                I2C1_IRQHandler
                0x080025b8                SPI1_IRQHandler
                0x080025b8                EXTI2_3_IRQHandler
                0x080025b8                I2C2_IRQHandler
                0x080025b8                RTC_IRQHandler
                0x080025b8                DMA1_Channel4_5_6_7_IRQHandler
                0x080025b8                EXTI4_15_IRQHandler
                0x080025b8                RCC_IRQHandler
                0x080025b8                DMA1_Channel1_IRQHandler
                0x080025b8                Default_Handler
                0x080025b8                TIM22_IRQHandler
                0x080025b8                SPI2_IRQHandler
                0x080025b8                TIM21_IRQHandler
                0x080025b8                WWDG_IRQHandler
                0x080025b8                LPUART1_IRQHandler
                0x080025b8                TIM2_IRQHandler
                0x080025b8                DMA1_Channel2_3_IRQHandler
                0x080025b8                USART2_IRQHandler
                0x080025b8                FLASH_IRQHandler
                0x080025b8                USART1_IRQHandler
                0x080025b8                LPTIM1_IRQHandler
 *(.glue_7)
 .glue_7        0x080025ba        0x0 linker stubs
 *(.glue_7t)
 .glue_7t       0x080025ba        0x0 linker stubs
 *(.eh_frame)
 *fill*         0x080025ba        0x2 
 .eh_frame      0x080025bc        0x0 /usr/lib/gcc/arm-none-eabi/14.2.1/thumb/v6-m/nofp/crtbegin.o
 *(.init)
 .init          0x080025bc        0x4 /usr/lib/gcc/arm-none-eabi/14.2.1/thumb/v6-m/nofp/crti.o
                0x080025bc                _init
 .init          0x080025c0        0x8 /usr/lib/gcc/arm-none-eabi/14.2.1/thumb/v6-m/nofp/crtn.o
 *(.fini)
 .fini          0x080025c8        0x4 /usr/lib/gcc/arm-none-eabi/14.2.1/thumb/v6-m/nofp/crti.o
                0x080025c8                _fini
 .fini          0x080025cc        0x8 /usr/lib/gcc/arm-none-eabi/14.2.1/thumb/v6-m/nofp/crtn.o
                0x080025d4                        . = ALIGN (0x4)
                0x080025d4                        _etext = .

.vfp11_veneer   0x080025d4        0x0
 .vfp11_veneer  0x080025d4        0x0 linker stubs

.v4_bx          0x080025d4        0x0
 .v4_bx         0x080025d4        0x0 linker stubs

.iplt           0x080025d4        0x0
 .iplt          0x080025d4        0x0 /usr/lib/gcc/arm-none-eabi/14.2.1/thumb/v6-m/nofp/crtbegin.o

.rodata         0x080025d4       0x1c
                0x080025d4                        . = ALIGN (0x4)
 *(.rodata)
 *(.rodata*)
 .rodata.AHBPrescTable
                0x080025d4       0x10 cmake/stm32cubemx/CMakeFiles/STM32_Drivers.dir/__/__/Core/Src/system_stm32l0xx.c.obj
                0x080025d4                AHBPrescTable
 .rodata.PLLMulTable
                0x080025e4        0x9 cmake/stm32cubemx/CMakeFiles/STM32_Drivers.dir/__/__/Core/Src/system_stm32l0xx.c.obj
                0x080025e4                PLLMulTable
                0x080025f0                        . = ALIGN (0x4)
 *fill*         0x080025ed        0x3 

.ARM.extab      0x080025f0        0x0
                0x080025f0                        . = ALIGN (0x4)
 *(.ARM.extab* .gnu.linkonce.armextab.*)
                0x080025f0                        . = ALIGN (0x4)

.ARM            0x080025f0        0x0
                0x080025f0                        . = ALIGN (0x4)
                0x080025f0                        __exidx_start = .
 *(.ARM.exidx*)
                0x080025f0                        __exidx_end = .
                0x080025f0                        . = ALIGN (0x4)

.preinit_array  0x080025f0        0x0
                0x080025f0                        . = ALIGN (0x4)
                0x080025f0                        PROVIDE (__preinit_array_start = .)
 *(.preinit_array*)
                0x080025f0                        PROVIDE (__preinit_array_end = .)
                0x080025f0                        . = ALIGN (0x4)

.init_array     0x080025f0        0x8
                0x080025f0                        . = ALIGN (0x4)
                0x080025f0                        PROVIDE (__init_array_start = .)
 *(SORT_BY_NAME(.init_array.*))
 *(.init_array*)
 .init_array    0x080025f0        0x4 /usr/lib/gcc/arm-none-eabi/14.2.1/thumb/v6-m/nofp/crtbegin.o
 .init_array    0x080025f4        0x4 CMakeFiles/STM32L051C8Tx_slave_vscode.dir/Core/Src/main.cpp.obj
                0x080025f8                        PROVIDE (__init_array_end = .)
                0x080025f8                        . = ALIGN (0x4)

.fini_array     0x080025f8        0x4
                0x080025f8                        . = ALIGN (0x4)
                0x080025f8                        PROVIDE (__fini_array_start = .)
 *(SORT_BY_NAME(.fini_array.*))
 *(.fini_array*)
 .fini_array    0x080025f8        0x4 /usr/lib/gcc/arm-none-eabi/14.2.1/thumb/v6-m/nofp/crtbegin.o
                0x080025fc                        PROVIDE (__fini_array_end = .)
                0x080025fc                        . = ALIGN (0x4)
                0x080025fc                        _sidata = LOADADDR (.data)

.rel.dyn        0x080025fc        0x0
 .rel.iplt      0x080025fc        0x0 /usr/lib/gcc/arm-none-eabi/14.2.1/thumb/v6-m/nofp/crtbegin.o

.data           0x20000000        0xc load address 0x080025fc
                0x20000000                        . = ALIGN (0x4)
                0x20000000                        _sdata = .
 *(.data)
 *(.data*)
 .data.SystemCoreClock
                0x20000000        0x4 cmake/stm32cubemx/CMakeFiles/STM32_Drivers.dir/__/__/Core/Src/system_stm32l0xx.c.obj
                0x20000000                SystemCoreClock
 .data.uwTickPrio
                0x20000004        0x4 cmake/stm32cubemx/CMakeFiles/STM32_Drivers.dir/__/__/Drivers/STM32L0xx_HAL_Driver/Src/stm32l0xx_hal.c.obj
                0x20000004                uwTickPrio
 .data.uwTickFreq
                0x20000008        0x1 cmake/stm32cubemx/CMakeFiles/STM32_Drivers.dir/__/__/Drivers/STM32L0xx_HAL_Driver/Src/stm32l0xx_hal.c.obj
                0x20000008                uwTickFreq
 *(.RamFunc)
 *(.RamFunc*)
                0x2000000c                        . = ALIGN (0x4)
 *fill*         0x20000009        0x3 

.tm_clone_table
                0x2000000c        0x0 load address 0x08002608
 .tm_clone_table
                0x2000000c        0x0 /usr/lib/gcc/arm-none-eabi/14.2.1/thumb/v6-m/nofp/crtbegin.o
 .tm_clone_table
                0x2000000c        0x0 /usr/lib/gcc/arm-none-eabi/14.2.1/thumb/v6-m/nofp/crtend.o

.igot.plt       0x2000000c        0x0 load address 0x08002608
 .igot.plt      0x2000000c        0x0 /usr/lib/gcc/arm-none-eabi/14.2.1/thumb/v6-m/nofp/crtbegin.o

.tdata          0x2000000c        0x0 load address 0x08002608
 *(.tdata .tdata.* .gnu.linkonce.td.*)
                0x2000000c                        . = ALIGN (0x4)
                0x2000000c                        _edata = .
                [!provide]                        PROVIDE (__data_end = .)
                [!provide]                        PROVIDE (__tdata_end = .)
                [!provide]                        PROVIDE (__tdata_start = ADDR (.tdata))
                [!provide]                        PROVIDE (__tdata_size = (__tdata_end - __tdata_start))
                [!provide]                        PROVIDE (__data_start = ADDR (.data))
                [!provide]                        PROVIDE (__data_size = (__data_end - __data_start))
                [!provide]                        PROVIDE (__tdata_source = LOADADDR (.tdata))
                [!provide]                        PROVIDE (__tdata_source_end = (LOADADDR (.tdata) + SIZEOF (.tdata)))
                [!provide]                        PROVIDE (__tdata_source_size = (__tdata_source_end - __tdata_source))
                [!provide]                        PROVIDE (__data_source = LOADADDR (.data))
                [!provide]                        PROVIDE (__data_source_end = __tdata_source_end)
                [!provide]                        PROVIDE (__data_source_size = (__data_source_end - __data_source))

.tbss           0x2000000c        0x0 load address 0x08002608
                0x2000000c                        _sbss = .
                0x2000000c                        __bss_start__ = _sbss
 *(.tbss .tbss.*)
                0x2000000c                        . = ALIGN (0x4)
                [!provide]                        PROVIDE (__tbss_end = .)
                [!provide]                        PROVIDE (__tbss_start = ADDR (.tbss))
                [!provide]                        PROVIDE (__tbss_size = (__tbss_end - __tbss_start))
                [!provide]                        PROVIDE (__tbss_offset = (ADDR (.tbss) - ADDR (.tdata)))
                [!provide]                        PROVIDE (__tls_base = __tdata_start)
                [!provide]                        PROVIDE (__tls_end = __tbss_end)
                [!provide]                        PROVIDE (__tls_size = (__tls_end - __tls_base))
                [!provide]                        PROVIDE (__tls_align = MAX (ALIGNOF (.tdata), ALIGNOF (.tbss)))
                [!provide]                        PROVIDE (__tls_size_align = (((__tls_size + __tls_align) - 0x1) & ~ ((__tls_align - 0x1))))
                [!provide]                        PROVIDE (__arm32_tls_tcb_offset = MAX (0x8, __tls_align))
                [!provide]                        PROVIDE (__arm64_tls_tcb_offset = MAX (0x10, __tls_align))

.bss            0x2000000c       0x90 load address 0x08002608
 *(.bss)
 .bss           0x2000000c       0x1c /usr/lib/gcc/arm-none-eabi/14.2.1/thumb/v6-m/nofp/crtbegin.o
 *(.bss*)
 .bss.uwTick    0x20000028        0x4 cmake/stm32cubemx/CMakeFiles/STM32_Drivers.dir/__/__/Drivers/STM32L0xx_HAL_Driver/Src/stm32l0xx_hal.c.obj
                0x20000028                uwTick
 .bss.pirDetected
                0x2000002c        0x1 CMakeFiles/STM32L051C8Tx_slave_vscode.dir/Core/Src/main.cpp.obj
                0x2000002c                pirDetected
 .bss.lowPowerMode
                0x2000002d        0x1 CMakeFiles/STM32L051C8Tx_slave_vscode.dir/Core/Src/main.cpp.obj
                0x2000002d                lowPowerMode
 .bss.dummyCnt  0x2000002e        0x1 CMakeFiles/STM32L051C8Tx_slave_vscode.dir/Core/Src/main.cpp.obj
                0x2000002e                dummyCnt
 *fill*         0x2000002f        0x1 
 .bss.dataProtocol
                0x20000030        0x6 CMakeFiles/STM32L051C8Tx_slave_vscode.dir/Core/Src/main.cpp.obj
                0x20000030                dataProtocol
 *fill*         0x20000036        0x2 
 .bss.dataBuffer
                0x20000038        0x6 CMakeFiles/STM32L051C8Tx_slave_vscode.dir/Core/Src/main.cpp.obj
                0x20000038                dataBuffer
 *fill*         0x2000003e        0x2 
 .bss.hspi2     0x20000040       0x58 CMakeFiles/STM32L051C8Tx_slave_vscode.dir/Core/Src/spi.cpp.obj
                0x20000040                hspi2
 .bss._ZZN13ConfigWrapper11GetInstanceEvE24config_wrapper_singleton
                0x20000098        0x4 CMakeFiles/STM32L051C8Tx_slave_vscode.dir/Core/Src/config_wrapper.cpp.obj
 *(COMMON)
                0x2000009c                        . = ALIGN (0x4)
                0x2000009c                        _ebss = .
                0x2000009c                        __bss_end__ = _ebss
                [!provide]                        PROVIDE (__bss_end = .)
                [!provide]                        PROVIDE (__non_tls_bss_start = ADDR (.bss))
                [!provide]                        PROVIDE (__bss_start = __tbss_start)
                [!provide]                        PROVIDE (__bss_size = (__bss_end - __bss_start))

._user_heap_stack
                0x2000009c      0x604 load address 0x08002608
                0x200000a0                        . = ALIGN (0x8)
 *fill*         0x2000009c        0x4 
                [!provide]                        PROVIDE (end = .)
                0x200000a0                        PROVIDE (_end = .)
                0x200002a0                        . = (. + _Min_Heap_Size)
 *fill*         0x200000a0      0x200 
                0x200006a0                        . = (. + _Min_Stack_Size)
 *fill*         0x200002a0      0x400 
                0x200006a0                        . = ALIGN (0x8)

/DISCARD/
 libc.a:*(*)
 libm.a:*(*)
 libgcc.a:*(*)
OUTPUT(STM32L051C8Tx_slave_vscode.elf elf32-littlearm)
LOAD linker stubs

.ARM.attributes
                0x00000000       0x28
 .ARM.attributes
                0x00000000       0x1e /usr/lib/gcc/arm-none-eabi/14.2.1/thumb/v6-m/nofp/crti.o
 .ARM.attributes
                0x0000001e       0x2c /usr/lib/gcc/arm-none-eabi/14.2.1/thumb/v6-m/nofp/crtbegin.o
 .ARM.attributes
                0x0000004a       0x2c cmake/stm32cubemx/CMakeFiles/STM32_Drivers.dir/__/__/Core/Src/system_stm32l0xx.c.obj
 .ARM.attributes
                0x00000076       0x2c cmake/stm32cubemx/CMakeFiles/STM32_Drivers.dir/__/__/Drivers/STM32L0xx_HAL_Driver/Src/stm32l0xx_hal_spi.c.obj
 .ARM.attributes
                0x000000a2       0x2c cmake/stm32cubemx/CMakeFiles/STM32_Drivers.dir/__/__/Drivers/STM32L0xx_HAL_Driver/Src/stm32l0xx_hal.c.obj
 .ARM.attributes
                0x000000ce       0x2c cmake/stm32cubemx/CMakeFiles/STM32_Drivers.dir/__/__/Drivers/STM32L0xx_HAL_Driver/Src/stm32l0xx_hal_rcc.c.obj
 .ARM.attributes
                0x000000fa       0x2c cmake/stm32cubemx/CMakeFiles/STM32_Drivers.dir/__/__/Drivers/STM32L0xx_HAL_Driver/Src/stm32l0xx_hal_gpio.c.obj
 .ARM.attributes
                0x00000126       0x2c cmake/stm32cubemx/CMakeFiles/STM32_Drivers.dir/__/__/Drivers/STM32L0xx_HAL_Driver/Src/stm32l0xx_hal_pwr.c.obj
 .ARM.attributes
                0x00000152       0x2c cmake/stm32cubemx/CMakeFiles/STM32_Drivers.dir/__/__/Drivers/STM32L0xx_HAL_Driver/Src/stm32l0xx_hal_cortex.c.obj
 .ARM.attributes
                0x0000017e       0x2c CMakeFiles/STM32L051C8Tx_slave_vscode.dir/Core/Src/main.cpp.obj
 .ARM.attributes
                0x000001aa       0x2c CMakeFiles/STM32L051C8Tx_slave_vscode.dir/Core/Src/gpio.cpp.obj
 .ARM.attributes
                0x000001d6       0x2c CMakeFiles/STM32L051C8Tx_slave_vscode.dir/Core/Src/spi.cpp.obj
 .ARM.attributes
                0x00000202       0x2c CMakeFiles/STM32L051C8Tx_slave_vscode.dir/Core/Src/stm32l0xx_it.cpp.obj
 .ARM.attributes
                0x0000022e       0x2c CMakeFiles/STM32L051C8Tx_slave_vscode.dir/Core/Src/config_wrapper.cpp.obj
 .ARM.attributes
                0x0000025a       0x2c CMakeFiles/STM32L051C8Tx_slave_vscode.dir/Core/Src/config_sx127x.cpp.obj
 .ARM.attributes
                0x00000286       0x2c CMakeFiles/STM32L051C8Tx_slave_vscode.dir/Core/Src/protocol.cpp.obj
 .ARM.attributes
                0x000002b2       0x2c CMakeFiles/STM32L051C8Tx_slave_vscode.dir/Core/Src/stm32l0xx_hal_msp.c.obj
 .ARM.attributes
                0x000002de       0x22 CMakeFiles/STM32L051C8Tx_slave_vscode.dir/startup_stm32l051xx.s.obj
 .ARM.attributes
                0x00000300       0x1e /usr/lib/gcc/arm-none-eabi/14.2.1/thumb/v6-m/nofp/libgcc.a(_udivsi3.o)
 .ARM.attributes
                0x0000031e       0x1e /usr/lib/gcc/arm-none-eabi/14.2.1/thumb/v6-m/nofp/libgcc.a(_dvmd_tls.o)
 .ARM.attributes
                0x0000033c       0x2c /usr/lib/gcc/arm-none-eabi/14.2.1/../../../arm-none-eabi/lib/thumb/v6-m/nofp/libg_nano.a(libc_a-init.o)
 .ARM.attributes
                0x00000368       0x2c /usr/lib/gcc/arm-none-eabi/14.2.1/../../../arm-none-eabi/lib/thumb/v6-m/nofp/libg_nano.a(libc_a-memset.o)
 .ARM.attributes
                0x00000394       0x2c /usr/lib/gcc/arm-none-eabi/14.2.1/thumb/v6-m/nofp/crtend.o
 .ARM.attributes
                0x000003c0       0x1e /usr/lib/gcc/arm-none-eabi/14.2.1/thumb/v6-m/nofp/crtn.o

.comment        0x00000000       0x4c
 .comment       0x00000000       0x4c /usr/lib/gcc/arm-none-eabi/14.2.1/thumb/v6-m/nofp/crtbegin.o
                                 0x27 (size before relaxing)
 .comment       0x0000004c       0x27 cmake/stm32cubemx/CMakeFiles/STM32_Drivers.dir/__/__/Core/Src/system_stm32l0xx.c.obj
 .comment       0x0000004c       0x27 cmake/stm32cubemx/CMakeFiles/STM32_Drivers.dir/__/__/Drivers/STM32L0xx_HAL_Driver/Src/stm32l0xx_hal_spi.c.obj
 .comment       0x0000004c       0x27 cmake/stm32cubemx/CMakeFiles/STM32_Drivers.dir/__/__/Drivers/STM32L0xx_HAL_Driver/Src/stm32l0xx_hal.c.obj
 .comment       0x0000004c       0x27 cmake/stm32cubemx/CMakeFiles/STM32_Drivers.dir/__/__/Drivers/STM32L0xx_HAL_Driver/Src/stm32l0xx_hal_rcc.c.obj
 .comment       0x0000004c       0x27 cmake/stm32cubemx/CMakeFiles/STM32_Drivers.dir/__/__/Drivers/STM32L0xx_HAL_Driver/Src/stm32l0xx_hal_gpio.c.obj
 .comment       0x0000004c       0x27 cmake/stm32cubemx/CMakeFiles/STM32_Drivers.dir/__/__/Drivers/STM32L0xx_HAL_Driver/Src/stm32l0xx_hal_pwr.c.obj
 .comment       0x0000004c       0x27 cmake/stm32cubemx/CMakeFiles/STM32_Drivers.dir/__/__/Drivers/STM32L0xx_HAL_Driver/Src/stm32l0xx_hal_cortex.c.obj
 .comment       0x0000004c       0x27 CMakeFiles/STM32L051C8Tx_slave_vscode.dir/Core/Src/main.cpp.obj
 .comment       0x0000004c       0x27 CMakeFiles/STM32L051C8Tx_slave_vscode.dir/Core/Src/gpio.cpp.obj
 .comment       0x0000004c       0x27 CMakeFiles/STM32L051C8Tx_slave_vscode.dir/Core/Src/spi.cpp.obj
 .comment       0x0000004c       0x27 CMakeFiles/STM32L051C8Tx_slave_vscode.dir/Core/Src/stm32l0xx_it.cpp.obj
 .comment       0x0000004c       0x27 CMakeFiles/STM32L051C8Tx_slave_vscode.dir/Core/Src/config_wrapper.cpp.obj
 .comment       0x0000004c       0x27 CMakeFiles/STM32L051C8Tx_slave_vscode.dir/Core/Src/config_sx127x.cpp.obj
 .comment       0x0000004c       0x27 CMakeFiles/STM32L051C8Tx_slave_vscode.dir/Core/Src/protocol.cpp.obj
 .comment       0x0000004c       0x27 CMakeFiles/STM32L051C8Tx_slave_vscode.dir/Core/Src/stm32l0xx_hal_msp.c.obj
 .comment       0x0000004c       0x27 /usr/lib/gcc/arm-none-eabi/14.2.1/../../../arm-none-eabi/lib/thumb/v6-m/nofp/libg_nano.a(libc_a-init.o)
 .comment       0x0000004c       0x27 /usr/lib/gcc/arm-none-eabi/14.2.1/../../../arm-none-eabi/lib/thumb/v6-m/nofp/libg_nano.a(libc_a-memset.o)
 .comment       0x0000004c       0x27 /usr/lib/gcc/arm-none-eabi/14.2.1/thumb/v6-m/nofp/crtend.o

.debug_info     0x00000000     0xa217
 .debug_info    0x00000000      0x2b6 cmake/stm32cubemx/CMakeFiles/STM32_Drivers.dir/__/__/Core/Src/system_stm32l0xx.c.obj
 .debug_info    0x000002b6     0x14d0 cmake/stm32cubemx/CMakeFiles/STM32_Drivers.dir/__/__/Drivers/STM32L0xx_HAL_Driver/Src/stm32l0xx_hal_spi.c.obj
 .debug_info    0x00001786      0x824 cmake/stm32cubemx/CMakeFiles/STM32_Drivers.dir/__/__/Drivers/STM32L0xx_HAL_Driver/Src/stm32l0xx_hal.c.obj
 .debug_info    0x00001faa      0x954 cmake/stm32cubemx/CMakeFiles/STM32_Drivers.dir/__/__/Drivers/STM32L0xx_HAL_Driver/Src/stm32l0xx_hal_rcc.c.obj
 .debug_info    0x000028fe      0x60c cmake/stm32cubemx/CMakeFiles/STM32_Drivers.dir/__/__/Drivers/STM32L0xx_HAL_Driver/Src/stm32l0xx_hal_gpio.c.obj
 .debug_info    0x00002f0a      0x5e6 cmake/stm32cubemx/CMakeFiles/STM32_Drivers.dir/__/__/Drivers/STM32L0xx_HAL_Driver/Src/stm32l0xx_hal_pwr.c.obj
 .debug_info    0x000034f0      0x854 cmake/stm32cubemx/CMakeFiles/STM32_Drivers.dir/__/__/Drivers/STM32L0xx_HAL_Driver/Src/stm32l0xx_hal_cortex.c.obj
 .debug_info    0x00003d44     0x2039 CMakeFiles/STM32L051C8Tx_slave_vscode.dir/Core/Src/main.cpp.obj
 .debug_info    0x00005d7d      0x452 CMakeFiles/STM32L051C8Tx_slave_vscode.dir/Core/Src/gpio.cpp.obj
 .debug_info    0x000061cf      0x94a CMakeFiles/STM32L051C8Tx_slave_vscode.dir/Core/Src/spi.cpp.obj
 .debug_info    0x00006b19      0x100 CMakeFiles/STM32L051C8Tx_slave_vscode.dir/Core/Src/stm32l0xx_it.cpp.obj
 .debug_info    0x00006c19     0x1383 CMakeFiles/STM32L051C8Tx_slave_vscode.dir/Core/Src/config_wrapper.cpp.obj
 .debug_info    0x00007f9c     0x190c CMakeFiles/STM32L051C8Tx_slave_vscode.dir/Core/Src/config_sx127x.cpp.obj
 .debug_info    0x000098a8      0x4d7 CMakeFiles/STM32L051C8Tx_slave_vscode.dir/Core/Src/protocol.cpp.obj
 .debug_info    0x00009d7f      0x1ae CMakeFiles/STM32L051C8Tx_slave_vscode.dir/Core/Src/stm32l0xx_hal_msp.c.obj
 .debug_info    0x00009f2d       0x30 CMakeFiles/STM32L051C8Tx_slave_vscode.dir/startup_stm32l051xx.s.obj
 .debug_info    0x00009f5d       0x3e /usr/lib/gcc/arm-none-eabi/14.2.1/thumb/v6-m/nofp/libgcc.a(_udivsi3.o)
 .debug_info    0x00009f9b       0x3c /usr/lib/gcc/arm-none-eabi/14.2.1/thumb/v6-m/nofp/libgcc.a(_dvmd_tls.o)
 .debug_info    0x00009fd7      0x10b /usr/lib/gcc/arm-none-eabi/14.2.1/../../../arm-none-eabi/lib/thumb/v6-m/nofp/libg_nano.a(libc_a-init.o)
 .debug_info    0x0000a0e2      0x135 /usr/lib/gcc/arm-none-eabi/14.2.1/../../../arm-none-eabi/lib/thumb/v6-m/nofp/libg_nano.a(libc_a-memset.o)

.debug_abbrev   0x00000000     0x24f6
 .debug_abbrev  0x00000000      0x11d cmake/stm32cubemx/CMakeFiles/STM32_Drivers.dir/__/__/Core/Src/system_stm32l0xx.c.obj
 .debug_abbrev  0x0000011d      0x274 cmake/stm32cubemx/CMakeFiles/STM32_Drivers.dir/__/__/Drivers/STM32L0xx_HAL_Driver/Src/stm32l0xx_hal_spi.c.obj
 .debug_abbrev  0x00000391      0x2a4 cmake/stm32cubemx/CMakeFiles/STM32_Drivers.dir/__/__/Drivers/STM32L0xx_HAL_Driver/Src/stm32l0xx_hal.c.obj
 .debug_abbrev  0x00000635      0x295 cmake/stm32cubemx/CMakeFiles/STM32_Drivers.dir/__/__/Drivers/STM32L0xx_HAL_Driver/Src/stm32l0xx_hal_rcc.c.obj
 .debug_abbrev  0x000008ca      0x1ca cmake/stm32cubemx/CMakeFiles/STM32_Drivers.dir/__/__/Drivers/STM32L0xx_HAL_Driver/Src/stm32l0xx_hal_gpio.c.obj
 .debug_abbrev  0x00000a94      0x18c cmake/stm32cubemx/CMakeFiles/STM32_Drivers.dir/__/__/Drivers/STM32L0xx_HAL_Driver/Src/stm32l0xx_hal_pwr.c.obj
 .debug_abbrev  0x00000c20      0x29b cmake/stm32cubemx/CMakeFiles/STM32_Drivers.dir/__/__/Drivers/STM32L0xx_HAL_Driver/Src/stm32l0xx_hal_cortex.c.obj
 .debug_abbrev  0x00000ebb      0x5fa CMakeFiles/STM32L051C8Tx_slave_vscode.dir/Core/Src/main.cpp.obj
 .debug_abbrev  0x000014b5      0x172 CMakeFiles/STM32L051C8Tx_slave_vscode.dir/Core/Src/gpio.cpp.obj
 .debug_abbrev  0x00001627      0x1ef CMakeFiles/STM32L051C8Tx_slave_vscode.dir/Core/Src/spi.cpp.obj
 .debug_abbrev  0x00001816       0x98 CMakeFiles/STM32L051C8Tx_slave_vscode.dir/Core/Src/stm32l0xx_it.cpp.obj
 .debug_abbrev  0x000018ae      0x3ab CMakeFiles/STM32L051C8Tx_slave_vscode.dir/Core/Src/config_wrapper.cpp.obj
 .debug_abbrev  0x00001c59      0x488 CMakeFiles/STM32L051C8Tx_slave_vscode.dir/Core/Src/config_sx127x.cpp.obj
 .debug_abbrev  0x000020e1      0x184 CMakeFiles/STM32L051C8Tx_slave_vscode.dir/Core/Src/protocol.cpp.obj
 .debug_abbrev  0x00002265       0x9f CMakeFiles/STM32L051C8Tx_slave_vscode.dir/Core/Src/stm32l0xx_hal_msp.c.obj
 .debug_abbrev  0x00002304       0x24 CMakeFiles/STM32L051C8Tx_slave_vscode.dir/startup_stm32l051xx.s.obj
 .debug_abbrev  0x00002328       0x28 /usr/lib/gcc/arm-none-eabi/14.2.1/thumb/v6-m/nofp/libgcc.a(_udivsi3.o)
 .debug_abbrev  0x00002350       0x26 /usr/lib/gcc/arm-none-eabi/14.2.1/thumb/v6-m/nofp/libgcc.a(_dvmd_tls.o)
 .debug_abbrev  0x00002376       0xc9 /usr/lib/gcc/arm-none-eabi/14.2.1/../../../arm-none-eabi/lib/thumb/v6-m/nofp/libg_nano.a(libc_a-init.o)
 .debug_abbrev  0x0000243f       0xb7 /usr/lib/gcc/arm-none-eabi/14.2.1/../../../arm-none-eabi/lib/thumb/v6-m/nofp/libg_nano.a(libc_a-memset.o)

.debug_aranges  0x00000000      0x800
 .debug_aranges
                0x00000000       0x28 cmake/stm32cubemx/CMakeFiles/STM32_Drivers.dir/__/__/Core/Src/system_stm32l0xx.c.obj
 .debug_aranges
                0x00000028      0x1d0 cmake/stm32cubemx/CMakeFiles/STM32_Drivers.dir/__/__/Drivers/STM32L0xx_HAL_Driver/Src/stm32l0xx_hal_spi.c.obj
 .debug_aranges
                0x000001f8      0x110 cmake/stm32cubemx/CMakeFiles/STM32_Drivers.dir/__/__/Drivers/STM32L0xx_HAL_Driver/Src/stm32l0xx_hal.c.obj
 .debug_aranges
                0x00000308       0x80 cmake/stm32cubemx/CMakeFiles/STM32_Drivers.dir/__/__/Drivers/STM32L0xx_HAL_Driver/Src/stm32l0xx_hal_rcc.c.obj
 .debug_aranges
                0x00000388       0x58 cmake/stm32cubemx/CMakeFiles/STM32_Drivers.dir/__/__/Drivers/STM32L0xx_HAL_Driver/Src/stm32l0xx_hal_gpio.c.obj
 .debug_aranges
                0x000003e0       0xa0 cmake/stm32cubemx/CMakeFiles/STM32_Drivers.dir/__/__/Drivers/STM32L0xx_HAL_Driver/Src/stm32l0xx_hal_pwr.c.obj
 .debug_aranges
                0x00000480       0xe8 cmake/stm32cubemx/CMakeFiles/STM32_Drivers.dir/__/__/Drivers/STM32L0xx_HAL_Driver/Src/stm32l0xx_hal_cortex.c.obj
 .debug_aranges
                0x00000568       0x68 CMakeFiles/STM32L051C8Tx_slave_vscode.dir/Core/Src/main.cpp.obj
 .debug_aranges
                0x000005d0       0x20 CMakeFiles/STM32L051C8Tx_slave_vscode.dir/Core/Src/gpio.cpp.obj
 .debug_aranges
                0x000005f0       0x30 CMakeFiles/STM32L051C8Tx_slave_vscode.dir/Core/Src/spi.cpp.obj
 .debug_aranges
                0x00000620       0x48 CMakeFiles/STM32L051C8Tx_slave_vscode.dir/Core/Src/stm32l0xx_it.cpp.obj
 .debug_aranges
                0x00000668       0x68 CMakeFiles/STM32L051C8Tx_slave_vscode.dir/Core/Src/config_wrapper.cpp.obj
 .debug_aranges
                0x000006d0       0x48 CMakeFiles/STM32L051C8Tx_slave_vscode.dir/Core/Src/config_sx127x.cpp.obj
 .debug_aranges
                0x00000718       0x20 CMakeFiles/STM32L051C8Tx_slave_vscode.dir/Core/Src/protocol.cpp.obj
 .debug_aranges
                0x00000738       0x20 CMakeFiles/STM32L051C8Tx_slave_vscode.dir/Core/Src/stm32l0xx_hal_msp.c.obj
 .debug_aranges
                0x00000758       0x28 CMakeFiles/STM32L051C8Tx_slave_vscode.dir/startup_stm32l051xx.s.obj
 .debug_aranges
                0x00000780       0x20 /usr/lib/gcc/arm-none-eabi/14.2.1/thumb/v6-m/nofp/libgcc.a(_udivsi3.o)
 .debug_aranges
                0x000007a0       0x20 /usr/lib/gcc/arm-none-eabi/14.2.1/thumb/v6-m/nofp/libgcc.a(_dvmd_tls.o)
 .debug_aranges
                0x000007c0       0x20 /usr/lib/gcc/arm-none-eabi/14.2.1/../../../arm-none-eabi/lib/thumb/v6-m/nofp/libg_nano.a(libc_a-init.o)
 .debug_aranges
                0x000007e0       0x20 /usr/lib/gcc/arm-none-eabi/14.2.1/../../../arm-none-eabi/lib/thumb/v6-m/nofp/libg_nano.a(libc_a-memset.o)

.debug_rnglists
                0x00000000      0x57e
 .debug_rnglists
                0x00000000       0x1a cmake/stm32cubemx/CMakeFiles/STM32_Drivers.dir/__/__/Core/Src/system_stm32l0xx.c.obj
 .debug_rnglists
                0x0000001a      0x171 cmake/stm32cubemx/CMakeFiles/STM32_Drivers.dir/__/__/Drivers/STM32L0xx_HAL_Driver/Src/stm32l0xx_hal_spi.c.obj
 .debug_rnglists
                0x0000018b       0xc7 cmake/stm32cubemx/CMakeFiles/STM32_Drivers.dir/__/__/Drivers/STM32L0xx_HAL_Driver/Src/stm32l0xx_hal.c.obj
 .debug_rnglists
                0x00000252       0x61 cmake/stm32cubemx/CMakeFiles/STM32_Drivers.dir/__/__/Drivers/STM32L0xx_HAL_Driver/Src/stm32l0xx_hal_rcc.c.obj
 .debug_rnglists
                0x000002b3       0x3f cmake/stm32cubemx/CMakeFiles/STM32_Drivers.dir/__/__/Drivers/STM32L0xx_HAL_Driver/Src/stm32l0xx_hal_gpio.c.obj
 .debug_rnglists
                0x000002f2       0x76 cmake/stm32cubemx/CMakeFiles/STM32_Drivers.dir/__/__/Drivers/STM32L0xx_HAL_Driver/Src/stm32l0xx_hal_pwr.c.obj
 .debug_rnglists
                0x00000368       0xaa cmake/stm32cubemx/CMakeFiles/STM32_Drivers.dir/__/__/Drivers/STM32L0xx_HAL_Driver/Src/stm32l0xx_hal_cortex.c.obj
 .debug_rnglists
                0x00000412       0x4b CMakeFiles/STM32L051C8Tx_slave_vscode.dir/Core/Src/main.cpp.obj
 .debug_rnglists
                0x0000045d       0x14 CMakeFiles/STM32L051C8Tx_slave_vscode.dir/Core/Src/gpio.cpp.obj
 .debug_rnglists
                0x00000471       0x20 CMakeFiles/STM32L051C8Tx_slave_vscode.dir/Core/Src/spi.cpp.obj
 .debug_rnglists
                0x00000491       0x31 CMakeFiles/STM32L051C8Tx_slave_vscode.dir/Core/Src/stm32l0xx_it.cpp.obj
 .debug_rnglists
                0x000004c2       0x49 CMakeFiles/STM32L051C8Tx_slave_vscode.dir/Core/Src/config_wrapper.cpp.obj
 .debug_rnglists
                0x0000050b       0x34 CMakeFiles/STM32L051C8Tx_slave_vscode.dir/Core/Src/config_sx127x.cpp.obj
 .debug_rnglists
                0x0000053f       0x13 CMakeFiles/STM32L051C8Tx_slave_vscode.dir/Core/Src/protocol.cpp.obj
 .debug_rnglists
                0x00000552       0x13 CMakeFiles/STM32L051C8Tx_slave_vscode.dir/Core/Src/stm32l0xx_hal_msp.c.obj
 .debug_rnglists
                0x00000565       0x19 CMakeFiles/STM32L051C8Tx_slave_vscode.dir/startup_stm32l051xx.s.obj

.debug_macro    0x00000000    0x145bc
 .debug_macro   0x00000000      0x14e cmake/stm32cubemx/CMakeFiles/STM32_Drivers.dir/__/__/Core/Src/system_stm32l0xx.c.obj
 .debug_macro   0x0000014e      0xaae cmake/stm32cubemx/CMakeFiles/STM32_Drivers.dir/__/__/Core/Src/system_stm32l0xx.c.obj
 .debug_macro   0x00000bfc       0x2e cmake/stm32cubemx/CMakeFiles/STM32_Drivers.dir/__/__/Core/Src/system_stm32l0xx.c.obj
 .debug_macro   0x00000c2a       0x28 cmake/stm32cubemx/CMakeFiles/STM32_Drivers.dir/__/__/Core/Src/system_stm32l0xx.c.obj
 .debug_macro   0x00000c52      0x34e cmake/stm32cubemx/CMakeFiles/STM32_Drivers.dir/__/__/Core/Src/system_stm32l0xx.c.obj
 .debug_macro   0x00000fa0       0x1c cmake/stm32cubemx/CMakeFiles/STM32_Drivers.dir/__/__/Core/Src/system_stm32l0xx.c.obj
 .debug_macro   0x00000fbc       0x22 cmake/stm32cubemx/CMakeFiles/STM32_Drivers.dir/__/__/Core/Src/system_stm32l0xx.c.obj
 .debug_macro   0x00000fde       0xaf cmake/stm32cubemx/CMakeFiles/STM32_Drivers.dir/__/__/Core/Src/system_stm32l0xx.c.obj
 .debug_macro   0x0000108d      0x4da cmake/stm32cubemx/CMakeFiles/STM32_Drivers.dir/__/__/Core/Src/system_stm32l0xx.c.obj
 .debug_macro   0x00001567      0x11f cmake/stm32cubemx/CMakeFiles/STM32_Drivers.dir/__/__/Core/Src/system_stm32l0xx.c.obj
 .debug_macro   0x00001686     0x8478 cmake/stm32cubemx/CMakeFiles/STM32_Drivers.dir/__/__/Core/Src/system_stm32l0xx.c.obj
 .debug_macro   0x00009afe       0x66 cmake/stm32cubemx/CMakeFiles/STM32_Drivers.dir/__/__/Core/Src/system_stm32l0xx.c.obj
 .debug_macro   0x00009b64      0x119 cmake/stm32cubemx/CMakeFiles/STM32_Drivers.dir/__/__/Core/Src/system_stm32l0xx.c.obj
 .debug_macro   0x00009c7d     0x35ac cmake/stm32cubemx/CMakeFiles/STM32_Drivers.dir/__/__/Core/Src/system_stm32l0xx.c.obj
 .debug_macro   0x0000d229      0x190 cmake/stm32cubemx/CMakeFiles/STM32_Drivers.dir/__/__/Core/Src/system_stm32l0xx.c.obj
 .debug_macro   0x0000d3b9       0x5c cmake/stm32cubemx/CMakeFiles/STM32_Drivers.dir/__/__/Core/Src/system_stm32l0xx.c.obj
 .debug_macro   0x0000d415      0x8ae cmake/stm32cubemx/CMakeFiles/STM32_Drivers.dir/__/__/Core/Src/system_stm32l0xx.c.obj
 .debug_macro   0x0000dcc3      0x625 cmake/stm32cubemx/CMakeFiles/STM32_Drivers.dir/__/__/Core/Src/system_stm32l0xx.c.obj
 .debug_macro   0x0000e2e8      0x190 cmake/stm32cubemx/CMakeFiles/STM32_Drivers.dir/__/__/Core/Src/system_stm32l0xx.c.obj
 .debug_macro   0x0000e478      0x13f cmake/stm32cubemx/CMakeFiles/STM32_Drivers.dir/__/__/Core/Src/system_stm32l0xx.c.obj
 .debug_macro   0x0000e5b7      0x161 cmake/stm32cubemx/CMakeFiles/STM32_Drivers.dir/__/__/Core/Src/system_stm32l0xx.c.obj
 .debug_macro   0x0000e718       0x82 cmake/stm32cubemx/CMakeFiles/STM32_Drivers.dir/__/__/Core/Src/system_stm32l0xx.c.obj
 .debug_macro   0x0000e79a      0x28e cmake/stm32cubemx/CMakeFiles/STM32_Drivers.dir/__/__/Core/Src/system_stm32l0xx.c.obj
 .debug_macro   0x0000ea28      0x1e9 cmake/stm32cubemx/CMakeFiles/STM32_Drivers.dir/__/__/Core/Src/system_stm32l0xx.c.obj
 .debug_macro   0x0000ec11      0x128 cmake/stm32cubemx/CMakeFiles/STM32_Drivers.dir/__/__/Core/Src/system_stm32l0xx.c.obj
 .debug_macro   0x0000ed39      0x2ab cmake/stm32cubemx/CMakeFiles/STM32_Drivers.dir/__/__/Core/Src/system_stm32l0xx.c.obj
 .debug_macro   0x0000efe4      0x180 cmake/stm32cubemx/CMakeFiles/STM32_Drivers.dir/__/__/Core/Src/system_stm32l0xx.c.obj
 .debug_macro   0x0000f164       0x16 cmake/stm32cubemx/CMakeFiles/STM32_Drivers.dir/__/__/Core/Src/system_stm32l0xx.c.obj
 .debug_macro   0x0000f17a      0x22c cmake/stm32cubemx/CMakeFiles/STM32_Drivers.dir/__/__/Core/Src/system_stm32l0xx.c.obj
 .debug_macro   0x0000f3a6      0x146 cmake/stm32cubemx/CMakeFiles/STM32_Drivers.dir/__/__/Core/Src/system_stm32l0xx.c.obj
 .debug_macro   0x0000f4ec      0x15d cmake/stm32cubemx/CMakeFiles/STM32_Drivers.dir/__/__/Drivers/STM32L0xx_HAL_Driver/Src/stm32l0xx_hal_spi.c.obj
 .debug_macro   0x0000f649      0x172 cmake/stm32cubemx/CMakeFiles/STM32_Drivers.dir/__/__/Drivers/STM32L0xx_HAL_Driver/Src/stm32l0xx_hal.c.obj
 .debug_macro   0x0000f7bb      0x184 cmake/stm32cubemx/CMakeFiles/STM32_Drivers.dir/__/__/Drivers/STM32L0xx_HAL_Driver/Src/stm32l0xx_hal_rcc.c.obj
 .debug_macro   0x0000f93f      0x155 cmake/stm32cubemx/CMakeFiles/STM32_Drivers.dir/__/__/Drivers/STM32L0xx_HAL_Driver/Src/stm32l0xx_hal_gpio.c.obj
 .debug_macro   0x0000fa94      0x166 cmake/stm32cubemx/CMakeFiles/STM32_Drivers.dir/__/__/Drivers/STM32L0xx_HAL_Driver/Src/stm32l0xx_hal_pwr.c.obj
 .debug_macro   0x0000fbfa      0x14e cmake/stm32cubemx/CMakeFiles/STM32_Drivers.dir/__/__/Drivers/STM32L0xx_HAL_Driver/Src/stm32l0xx_hal_cortex.c.obj
 .debug_macro   0x0000fd48      0x3a4 CMakeFiles/STM32L051C8Tx_slave_vscode.dir/Core/Src/main.cpp.obj
 .debug_macro   0x000100ec      0xb50 CMakeFiles/STM32L051C8Tx_slave_vscode.dir/Core/Src/main.cpp.obj
 .debug_macro   0x00010c3c      0x4da CMakeFiles/STM32L051C8Tx_slave_vscode.dir/Core/Src/main.cpp.obj
 .debug_macro   0x00011116      0x197 CMakeFiles/STM32L051C8Tx_slave_vscode.dir/Core/Src/main.cpp.obj
 .debug_macro   0x000112ad      0x1f2 CMakeFiles/STM32L051C8Tx_slave_vscode.dir/Core/Src/main.cpp.obj
 .debug_macro   0x0001149f       0x10 CMakeFiles/STM32L051C8Tx_slave_vscode.dir/Core/Src/main.cpp.obj
 .debug_macro   0x000114af      0x53d CMakeFiles/STM32L051C8Tx_slave_vscode.dir/Core/Src/main.cpp.obj
 .debug_macro   0x000119ec       0x40 CMakeFiles/STM32L051C8Tx_slave_vscode.dir/Core/Src/main.cpp.obj
 .debug_macro   0x00011a2c       0x58 CMakeFiles/STM32L051C8Tx_slave_vscode.dir/Core/Src/main.cpp.obj
 .debug_macro   0x00011a84       0x22 CMakeFiles/STM32L051C8Tx_slave_vscode.dir/Core/Src/main.cpp.obj
 .debug_macro   0x00011aa6       0x60 CMakeFiles/STM32L051C8Tx_slave_vscode.dir/Core/Src/main.cpp.obj
 .debug_macro   0x00011b06       0x24 CMakeFiles/STM32L051C8Tx_slave_vscode.dir/Core/Src/main.cpp.obj
 .debug_macro   0x00011b2a       0x94 CMakeFiles/STM32L051C8Tx_slave_vscode.dir/Core/Src/main.cpp.obj
 .debug_macro   0x00011bbe       0x3c CMakeFiles/STM32L051C8Tx_slave_vscode.dir/Core/Src/main.cpp.obj
 .debug_macro   0x00011bfa       0x34 CMakeFiles/STM32L051C8Tx_slave_vscode.dir/Core/Src/main.cpp.obj
 .debug_macro   0x00011c2e       0x16 CMakeFiles/STM32L051C8Tx_slave_vscode.dir/Core/Src/main.cpp.obj
 .debug_macro   0x00011c44       0x57 CMakeFiles/STM32L051C8Tx_slave_vscode.dir/Core/Src/main.cpp.obj
 .debug_macro   0x00011c9b       0x3c CMakeFiles/STM32L051C8Tx_slave_vscode.dir/Core/Src/main.cpp.obj
 .debug_macro   0x00011cd7      0x380 CMakeFiles/STM32L051C8Tx_slave_vscode.dir/Core/Src/main.cpp.obj
 .debug_macro   0x00012057       0x10 CMakeFiles/STM32L051C8Tx_slave_vscode.dir/Core/Src/main.cpp.obj
 .debug_macro   0x00012067       0x16 CMakeFiles/STM32L051C8Tx_slave_vscode.dir/Core/Src/main.cpp.obj
 .debug_macro   0x0001207d       0x4a CMakeFiles/STM32L051C8Tx_slave_vscode.dir/Core/Src/main.cpp.obj
 .debug_macro   0x000120c7       0x34 CMakeFiles/STM32L051C8Tx_slave_vscode.dir/Core/Src/main.cpp.obj
 .debug_macro   0x000120fb       0x10 CMakeFiles/STM32L051C8Tx_slave_vscode.dir/Core/Src/main.cpp.obj
 .debug_macro   0x0001210b       0x52 CMakeFiles/STM32L051C8Tx_slave_vscode.dir/Core/Src/main.cpp.obj
 .debug_macro   0x0001215d      0x1e5 CMakeFiles/STM32L051C8Tx_slave_vscode.dir/Core/Src/main.cpp.obj
 .debug_macro   0x00012342       0x16 CMakeFiles/STM32L051C8Tx_slave_vscode.dir/Core/Src/main.cpp.obj
 .debug_macro   0x00012358       0x16 CMakeFiles/STM32L051C8Tx_slave_vscode.dir/Core/Src/main.cpp.obj
 .debug_macro   0x0001236e      0x138 CMakeFiles/STM32L051C8Tx_slave_vscode.dir/Core/Src/main.cpp.obj
 .debug_macro   0x000124a6      0x17e CMakeFiles/STM32L051C8Tx_slave_vscode.dir/Core/Src/main.cpp.obj
 .debug_macro   0x00012624      0x2fe CMakeFiles/STM32L051C8Tx_slave_vscode.dir/Core/Src/main.cpp.obj
 .debug_macro   0x00012922       0x10 CMakeFiles/STM32L051C8Tx_slave_vscode.dir/Core/Src/main.cpp.obj
 .debug_macro   0x00012932       0x16 CMakeFiles/STM32L051C8Tx_slave_vscode.dir/Core/Src/main.cpp.obj
 .debug_macro   0x00012948       0x16 CMakeFiles/STM32L051C8Tx_slave_vscode.dir/Core/Src/main.cpp.obj
 .debug_macro   0x0001295e       0x29 CMakeFiles/STM32L051C8Tx_slave_vscode.dir/Core/Src/main.cpp.obj
 .debug_macro   0x00012987       0x10 CMakeFiles/STM32L051C8Tx_slave_vscode.dir/Core/Src/main.cpp.obj
 .debug_macro   0x00012997       0x10 CMakeFiles/STM32L051C8Tx_slave_vscode.dir/Core/Src/main.cpp.obj
 .debug_macro   0x000129a7       0xde CMakeFiles/STM32L051C8Tx_slave_vscode.dir/Core/Src/main.cpp.obj
 .debug_macro   0x00012a85       0x40 CMakeFiles/STM32L051C8Tx_slave_vscode.dir/Core/Src/main.cpp.obj
 .debug_macro   0x00012ac5       0x3a CMakeFiles/STM32L051C8Tx_slave_vscode.dir/Core/Src/main.cpp.obj
 .debug_macro   0x00012aff       0x1c CMakeFiles/STM32L051C8Tx_slave_vscode.dir/Core/Src/main.cpp.obj
 .debug_macro   0x00012b1b      0xbcb CMakeFiles/STM32L051C8Tx_slave_vscode.dir/Core/Src/main.cpp.obj
 .debug_macro   0x000136e6      0x162 CMakeFiles/STM32L051C8Tx_slave_vscode.dir/Core/Src/gpio.cpp.obj
 .debug_macro   0x00013848      0x162 CMakeFiles/STM32L051C8Tx_slave_vscode.dir/Core/Src/spi.cpp.obj
 .debug_macro   0x000139aa      0x162 CMakeFiles/STM32L051C8Tx_slave_vscode.dir/Core/Src/stm32l0xx_it.cpp.obj
 .debug_macro   0x00013b0c      0x378 CMakeFiles/STM32L051C8Tx_slave_vscode.dir/Core/Src/config_wrapper.cpp.obj
 .debug_macro   0x00013e84      0x382 CMakeFiles/STM32L051C8Tx_slave_vscode.dir/Core/Src/config_sx127x.cpp.obj
 .debug_macro   0x00014206       0x9e CMakeFiles/STM32L051C8Tx_slave_vscode.dir/Core/Src/config_sx127x.cpp.obj
 .debug_macro   0x000142a4      0x119 CMakeFiles/STM32L051C8Tx_slave_vscode.dir/Core/Src/config_sx127x.cpp.obj
 .debug_macro   0x000143bd       0x56 CMakeFiles/STM32L051C8Tx_slave_vscode.dir/Core/Src/config_sx127x.cpp.obj
 .debug_macro   0x00014413       0x51 CMakeFiles/STM32L051C8Tx_slave_vscode.dir/Core/Src/protocol.cpp.obj
 .debug_macro   0x00014464      0x158 CMakeFiles/STM32L051C8Tx_slave_vscode.dir/Core/Src/stm32l0xx_hal_msp.c.obj

.debug_line     0x00000000     0x9b06
 .debug_line    0x00000000      0x684 cmake/stm32cubemx/CMakeFiles/STM32_Drivers.dir/__/__/Core/Src/system_stm32l0xx.c.obj
 .debug_line    0x00000684     0x1b6d cmake/stm32cubemx/CMakeFiles/STM32_Drivers.dir/__/__/Drivers/STM32L0xx_HAL_Driver/Src/stm32l0xx_hal_spi.c.obj
 .debug_line    0x000021f1      0x943 cmake/stm32cubemx/CMakeFiles/STM32_Drivers.dir/__/__/Drivers/STM32L0xx_HAL_Driver/Src/stm32l0xx_hal.c.obj
 .debug_line    0x00002b34      0xe3b cmake/stm32cubemx/CMakeFiles/STM32_Drivers.dir/__/__/Drivers/STM32L0xx_HAL_Driver/Src/stm32l0xx_hal_rcc.c.obj
 .debug_line    0x0000396f      0x9a3 cmake/stm32cubemx/CMakeFiles/STM32_Drivers.dir/__/__/Drivers/STM32L0xx_HAL_Driver/Src/stm32l0xx_hal_gpio.c.obj
 .debug_line    0x00004312      0x816 cmake/stm32cubemx/CMakeFiles/STM32_Drivers.dir/__/__/Drivers/STM32L0xx_HAL_Driver/Src/stm32l0xx_hal_pwr.c.obj
 .debug_line    0x00004b28      0xa14 cmake/stm32cubemx/CMakeFiles/STM32_Drivers.dir/__/__/Drivers/STM32L0xx_HAL_Driver/Src/stm32l0xx_hal_cortex.c.obj
 .debug_line    0x0000553c      0xdce CMakeFiles/STM32L051C8Tx_slave_vscode.dir/Core/Src/main.cpp.obj
 .debug_line    0x0000630a      0x607 CMakeFiles/STM32L051C8Tx_slave_vscode.dir/Core/Src/gpio.cpp.obj
 .debug_line    0x00006911      0x65c CMakeFiles/STM32L051C8Tx_slave_vscode.dir/Core/Src/spi.cpp.obj
 .debug_line    0x00006f6d      0x64e CMakeFiles/STM32L051C8Tx_slave_vscode.dir/Core/Src/stm32l0xx_it.cpp.obj
 .debug_line    0x000075bb      0xc8e CMakeFiles/STM32L051C8Tx_slave_vscode.dir/Core/Src/config_wrapper.cpp.obj
 .debug_line    0x00008249      0xd0e CMakeFiles/STM32L051C8Tx_slave_vscode.dir/Core/Src/config_sx127x.cpp.obj
 .debug_line    0x00008f57      0x1fd CMakeFiles/STM32L051C8Tx_slave_vscode.dir/Core/Src/protocol.cpp.obj
 .debug_line    0x00009154      0x5d5 CMakeFiles/STM32L051C8Tx_slave_vscode.dir/Core/Src/stm32l0xx_hal_msp.c.obj
 .debug_line    0x00009729       0x7b CMakeFiles/STM32L051C8Tx_slave_vscode.dir/startup_stm32l051xx.s.obj
 .debug_line    0x000097a4       0x56 /usr/lib/gcc/arm-none-eabi/14.2.1/thumb/v6-m/nofp/libgcc.a(_udivsi3.o)
 .debug_line    0x000097fa       0x4a /usr/lib/gcc/arm-none-eabi/14.2.1/thumb/v6-m/nofp/libgcc.a(_dvmd_tls.o)
 .debug_line    0x00009844      0x105 /usr/lib/gcc/arm-none-eabi/14.2.1/../../../arm-none-eabi/lib/thumb/v6-m/nofp/libg_nano.a(libc_a-init.o)
 .debug_line    0x00009949      0x1bd /usr/lib/gcc/arm-none-eabi/14.2.1/../../../arm-none-eabi/lib/thumb/v6-m/nofp/libg_nano.a(libc_a-memset.o)

.debug_str      0x00000000    0x71a94
 .debug_str     0x00000000    0x71a94 cmake/stm32cubemx/CMakeFiles/STM32_Drivers.dir/__/__/Core/Src/system_stm32l0xx.c.obj
                              0x62104 (size before relaxing)
 .debug_str     0x00071a94    0x629f0 cmake/stm32cubemx/CMakeFiles/STM32_Drivers.dir/__/__/Drivers/STM32L0xx_HAL_Driver/Src/stm32l0xx_hal_spi.c.obj
 .debug_str     0x00071a94    0x627df cmake/stm32cubemx/CMakeFiles/STM32_Drivers.dir/__/__/Drivers/STM32L0xx_HAL_Driver/Src/stm32l0xx_hal.c.obj
 .debug_str     0x00071a94    0x625f1 cmake/stm32cubemx/CMakeFiles/STM32_Drivers.dir/__/__/Drivers/STM32L0xx_HAL_Driver/Src/stm32l0xx_hal_rcc.c.obj
 .debug_str     0x00071a94    0x622a3 cmake/stm32cubemx/CMakeFiles/STM32_Drivers.dir/__/__/Drivers/STM32L0xx_HAL_Driver/Src/stm32l0xx_hal_gpio.c.obj
 .debug_str     0x00071a94    0x6238f cmake/stm32cubemx/CMakeFiles/STM32_Drivers.dir/__/__/Drivers/STM32L0xx_HAL_Driver/Src/stm32l0xx_hal_pwr.c.obj
 .debug_str     0x00071a94    0x62567 cmake/stm32cubemx/CMakeFiles/STM32_Drivers.dir/__/__/Drivers/STM32L0xx_HAL_Driver/Src/stm32l0xx_hal_cortex.c.obj
 .debug_str     0x00071a94    0x6ff4c CMakeFiles/STM32L051C8Tx_slave_vscode.dir/Core/Src/main.cpp.obj
 .debug_str     0x00071a94    0x6265c CMakeFiles/STM32L051C8Tx_slave_vscode.dir/Core/Src/gpio.cpp.obj
 .debug_str     0x00071a94    0x62a4c CMakeFiles/STM32L051C8Tx_slave_vscode.dir/Core/Src/spi.cpp.obj
 .debug_str     0x00071a94    0x6238e CMakeFiles/STM32L051C8Tx_slave_vscode.dir/Core/Src/stm32l0xx_it.cpp.obj
 .debug_str     0x00071a94    0x6f118 CMakeFiles/STM32L051C8Tx_slave_vscode.dir/Core/Src/config_wrapper.cpp.obj
 .debug_str     0x00071a94    0x6f940 CMakeFiles/STM32L051C8Tx_slave_vscode.dir/Core/Src/config_sx127x.cpp.obj
 .debug_str     0x00071a94     0x5dcf CMakeFiles/STM32L051C8Tx_slave_vscode.dir/Core/Src/protocol.cpp.obj
 .debug_str     0x00071a94    0x62099 CMakeFiles/STM32L051C8Tx_slave_vscode.dir/Core/Src/stm32l0xx_hal_msp.c.obj
 .debug_str     0x00071a94       0xe4 CMakeFiles/STM32L051C8Tx_slave_vscode.dir/startup_stm32l051xx.s.obj
 .debug_str     0x00071a94       0xbe /usr/lib/gcc/arm-none-eabi/14.2.1/thumb/v6-m/nofp/libgcc.a(_udivsi3.o)
 .debug_str     0x00071a94       0xbf /usr/lib/gcc/arm-none-eabi/14.2.1/thumb/v6-m/nofp/libgcc.a(_dvmd_tls.o)
 .debug_str     0x00071a94      0x1f3 /usr/lib/gcc/arm-none-eabi/14.2.1/../../../arm-none-eabi/lib/thumb/v6-m/nofp/libg_nano.a(libc_a-init.o)
 .debug_str     0x00071a94      0x1a6 /usr/lib/gcc/arm-none-eabi/14.2.1/../../../arm-none-eabi/lib/thumb/v6-m/nofp/libg_nano.a(libc_a-memset.o)

.debug_frame    0x00000000     0x1850
 .debug_frame   0x00000000       0x4c cmake/stm32cubemx/CMakeFiles/STM32_Drivers.dir/__/__/Core/Src/system_stm32l0xx.c.obj
 .debug_frame   0x0000004c      0x6f0 cmake/stm32cubemx/CMakeFiles/STM32_Drivers.dir/__/__/Drivers/STM32L0xx_HAL_Driver/Src/stm32l0xx_hal_spi.c.obj
 .debug_frame   0x0000073c      0x394 cmake/stm32cubemx/CMakeFiles/STM32_Drivers.dir/__/__/Drivers/STM32L0xx_HAL_Driver/Src/stm32l0xx_hal.c.obj
 .debug_frame   0x00000ad0      0x1a4 cmake/stm32cubemx/CMakeFiles/STM32_Drivers.dir/__/__/Drivers/STM32L0xx_HAL_Driver/Src/stm32l0xx_hal_rcc.c.obj
 .debug_frame   0x00000c74      0x110 cmake/stm32cubemx/CMakeFiles/STM32_Drivers.dir/__/__/Drivers/STM32L0xx_HAL_Driver/Src/stm32l0xx_hal_gpio.c.obj
 .debug_frame   0x00000d84      0x200 cmake/stm32cubemx/CMakeFiles/STM32_Drivers.dir/__/__/Drivers/STM32L0xx_HAL_Driver/Src/stm32l0xx_hal_pwr.c.obj
 .debug_frame   0x00000f84      0x33c cmake/stm32cubemx/CMakeFiles/STM32_Drivers.dir/__/__/Drivers/STM32L0xx_HAL_Driver/Src/stm32l0xx_hal_cortex.c.obj
 .debug_frame   0x000012c0      0x140 CMakeFiles/STM32L051C8Tx_slave_vscode.dir/Core/Src/main.cpp.obj
 .debug_frame   0x00001400       0x30 CMakeFiles/STM32L051C8Tx_slave_vscode.dir/Core/Src/gpio.cpp.obj
 .debug_frame   0x00001430       0x6c CMakeFiles/STM32L051C8Tx_slave_vscode.dir/Core/Src/spi.cpp.obj
 .debug_frame   0x0000149c       0xb8 CMakeFiles/STM32L051C8Tx_slave_vscode.dir/Core/Src/stm32l0xx_it.cpp.obj
 .debug_frame   0x00001554      0x150 CMakeFiles/STM32L051C8Tx_slave_vscode.dir/Core/Src/config_wrapper.cpp.obj
 .debug_frame   0x000016a4       0xd4 CMakeFiles/STM32L051C8Tx_slave_vscode.dir/Core/Src/config_sx127x.cpp.obj
 .debug_frame   0x00001778       0x30 CMakeFiles/STM32L051C8Tx_slave_vscode.dir/Core/Src/protocol.cpp.obj
 .debug_frame   0x000017a8       0x2c CMakeFiles/STM32L051C8Tx_slave_vscode.dir/Core/Src/stm32l0xx_hal_msp.c.obj
 .debug_frame   0x000017d4       0x20 /usr/lib/gcc/arm-none-eabi/14.2.1/thumb/v6-m/nofp/libgcc.a(_udivsi3.o)
 .debug_frame   0x000017f4       0x2c /usr/lib/gcc/arm-none-eabi/14.2.1/../../../arm-none-eabi/lib/thumb/v6-m/nofp/libg_nano.a(libc_a-init.o)
 .debug_frame   0x00001820       0x30 /usr/lib/gcc/arm-none-eabi/14.2.1/../../../arm-none-eabi/lib/thumb/v6-m/nofp/libg_nano.a(libc_a-memset.o)

.debug_line_str
                0x00000000      0x161
 .debug_line_str
                0x00000000      0x161 CMakeFiles/STM32L051C8Tx_slave_vscode.dir/startup_stm32l051xx.s.obj
                                 0xca (size before relaxing)
 .debug_line_str
                0x00000161       0x97 /usr/lib/gcc/arm-none-eabi/14.2.1/thumb/v6-m/nofp/libgcc.a(_udivsi3.o)
 .debug_line_str
                0x00000161       0x97 /usr/lib/gcc/arm-none-eabi/14.2.1/thumb/v6-m/nofp/libgcc.a(_dvmd_tls.o)

.debug_loclists
                0x00000000      0x220
 .debug_loclists
                0x00000000       0x5a /usr/lib/gcc/arm-none-eabi/14.2.1/../../../arm-none-eabi/lib/thumb/v6-m/nofp/libg_nano.a(libc_a-init.o)
 .debug_loclists
                0x0000005a      0x1c6 /usr/lib/gcc/arm-none-eabi/14.2.1/../../../arm-none-eabi/lib/thumb/v6-m/nofp/libg_nano.a(libc_a-memset.o)
