../Core/Src/config_wrapper.cpp:10:16:static ConfigWrapper& ConfigWrapper::GetInstance()	8	static
../Core/Src/config_wrapper.cpp:17:6:void ConfigWrapper::init(SPI_HandleTypeDef*)	16	static
../Core/Src/config_wrapper.cpp:22:6:void ConfigWrapper::csLow()	16	static
../Core/Src/config_wrapper.cpp:27:6:void ConfigWrapper::csHigh()	16	static
../Core/Src/config_wrapper.cpp:32:6:void ConfigWrapper::resetLow()	16	static
../Core/Src/config_wrapper.cpp:37:6:void ConfigWrapper::resetHigh()	16	static
../Core/Src/config_wrapper.cpp:42:6:void ConfigWrapper::delayMs(uint32_t)	16	static
../Core/Src/config_wrapper.cpp:47:9:uint8_t ConfigWrapper::readRegister(uint8_t)	32	static
../Core/Src/config_wrapper.cpp:64:6:void ConfigWrapper::writeRegister(uint8_t, uint8_t)	16	static
../Core/Src/config_wrapper.cpp:76:9:uint8_t ConfigWrapper::spiTransfer(uint8_t)	40	static
../Core/Src/config_wrapper.cpp:91:6:bool init_SX127x(ConfigWrapper&)	32	static
../Core/Src/config_wrapper.cpp:127:6:void sleep_mode(ConfigWrapper&)	16	static
../Core/Src/config_wrapper.cpp:133:6:void standby_mode(ConfigWrapper&)	16	static
../Core/Src/config_wrapper.cpp:139:6:void sendPacket(ConfigWrapper&, const uint8_t*, uint8_t)	40	static
../Core/Src/config_wrapper.cpp:178:6:void sendPacketAM312(ConfigWrapper&, const uint8_t*, uint8_t)	40	static
../Core/Src/config_wrapper.cpp:217:6:bool configureLoRa(ConfigWrapper&)	16	static
../Core/Src/config_wrapper.cpp:263:6:void blink()	8	static
